<testsuites tests="1349" errors="0" failures="0"><testsuite start="2025-09-07 14:29:44.725137" tests="1349" errors="0" failures="0"><testcase name="test.test_importlib.builtin.test_finder.Frozen_FindSpecTests.test_failure" status="run" result="completed" time="0.000024" /><testcase name="test.test_importlib.builtin.test_finder.Frozen_FindSpecTests.test_module" status="run" result="completed" time="0.000022" /><testcase name="test.test_importlib.builtin.test_finder.Source_FindSpecTests.test_failure" status="run" result="completed" time="0.000013" /><testcase name="test.test_importlib.builtin.test_finder.Source_FindSpecTests.test_module" status="run" result="completed" time="0.000017" /><testcase name="test.test_importlib.builtin.test_loader.Frozen_InspectLoaderTests.test_get_code" status="run" result="completed" time="0.000010" /><testcase name="test.test_importlib.builtin.test_loader.Frozen_InspectLoaderTests.test_get_source" status="run" result="completed" time="0.000007" /><testcase name="test.test_importlib.builtin.test_loader.Frozen_InspectLoaderTests.test_is_package" status="run" result="completed" time="0.000007" /><testcase name="test.test_importlib.builtin.test_loader.Frozen_InspectLoaderTests.test_not_builtin" status="run" result="completed" time="0.000022" /><testcase name="test.test_importlib.builtin.test_loader.Frozen_LoaderTests.test_already_imported" status="run" result="completed" time="0.000047" /><testcase name="test.test_importlib.builtin.test_loader.Frozen_LoaderTests.test_module" status="run" result="completed" time="0.000053" /><testcase name="test.test_importlib.builtin.test_loader.Frozen_LoaderTests.test_module_reuse" status="run" result="completed" time="0.000056" /><testcase name="test.test_importlib.builtin.test_loader.Frozen_LoaderTests.test_unloadable" status="run" result="completed" time="0.000026" /><testcase name="test.test_importlib.builtin.test_loader.Source_InspectLoaderTests.test_get_code" status="run" result="completed" time="0.000010" /><testcase name="test.test_importlib.builtin.test_loader.Source_InspectLoaderTests.test_get_source" status="run" result="completed" time="0.000007" /><testcase name="test.test_importlib.builtin.test_loader.Source_InspectLoaderTests.test_is_package" status="run" result="completed" time="0.000007" /><testcase name="test.test_importlib.builtin.test_loader.Source_InspectLoaderTests.test_not_builtin" status="run" result="completed" time="0.000011" /><testcase name="test.test_importlib.builtin.test_loader.Source_LoaderTests.test_already_imported" status="run" result="completed" time="0.000046" /><testcase name="test.test_importlib.builtin.test_loader.Source_LoaderTests.test_module" status="run" result="completed" time="0.000047" /><testcase name="test.test_importlib.builtin.test_loader.Source_LoaderTests.test_module_reuse" status="run" result="completed" time="0.000044" /><testcase name="test.test_importlib.builtin.test_loader.Source_LoaderTests.test_unloadable" status="run" result="completed" time="0.000024" /><testcase name="test.test_importlib.extension.test_case_sensitivity.Frozen_ExtensionModuleCaseSensitivityTest.test_case_insensitivity" status="run" result="completed" time="0.000004"><skipped>ignore_environment flag was set</skipped></testcase><testcase name="test.test_importlib.extension.test_case_sensitivity.Frozen_ExtensionModuleCaseSensitivityTest.test_case_sensitive" status="run" result="completed" time="0.000003"><skipped>ignore_environment flag was set</skipped></testcase><testcase name="test.test_importlib.extension.test_case_sensitivity.Source_ExtensionModuleCaseSensitivityTest.test_case_insensitivity" status="run" result="completed" time="0.000002"><skipped>ignore_environment flag was set</skipped></testcase><testcase name="test.test_importlib.extension.test_case_sensitivity.Source_ExtensionModuleCaseSensitivityTest.test_case_sensitive" status="run" result="completed" time="0.000002"><skipped>ignore_environment flag was set</skipped></testcase><testcase name="test.test_importlib.extension.test_finder.Frozen_FinderTests.test_failure" status="run" result="completed" time="0.000113" /><testcase name="test.test_importlib.extension.test_finder.Frozen_FinderTests.test_module" status="run" result="completed" time="0.000075" /><testcase name="test.test_importlib.extension.test_finder.Source_FinderTests.test_failure" status="run" result="completed" time="0.000074" /><testcase name="test.test_importlib.extension.test_finder.Source_FinderTests.test_module" status="run" result="completed" time="0.000071" /><testcase name="test.test_importlib.extension.test_loader.Frozen_LoaderTests.test_equality" status="run" result="completed" time="0.000013" /><testcase name="test.test_importlib.extension.test_loader.Frozen_LoaderTests.test_inequality" status="run" result="completed" time="0.000010" /><testcase name="test.test_importlib.extension.test_loader.Frozen_LoaderTests.test_is_package" status="run" result="completed" time="0.000020" /><testcase name="test.test_importlib.extension.test_loader.Frozen_LoaderTests.test_load_module_API" status="run" result="completed" time="0.000050" /><testcase name="test.test_importlib.extension.test_loader.Frozen_LoaderTests.test_module" status="run" result="completed" time="0.000034" /><testcase name="test.test_importlib.extension.test_loader.Frozen_LoaderTests.test_module_reuse" status="run" result="completed" time="0.000037" /><testcase name="test.test_importlib.extension.test_loader.Frozen_LoaderTests.test_unloadable" status="run" result="completed" time="0.000016" /><testcase name="test.test_importlib.extension.test_loader.Frozen_MultiPhaseExtensionModuleTests.test_bad_modules" status="run" result="completed" time="0.000791" /><testcase name="test.test_importlib.extension.test_loader.Frozen_MultiPhaseExtensionModuleTests.test_functionality" status="run" result="completed" time="0.000110" /><testcase name="test.test_importlib.extension.test_loader.Frozen_MultiPhaseExtensionModuleTests.test_load_short_name" status="run" result="completed" time="0.000095" /><testcase name="test.test_importlib.extension.test_loader.Frozen_MultiPhaseExtensionModuleTests.test_load_submodule" status="run" result="completed" time="0.000085" /><testcase name="test.test_importlib.extension.test_loader.Frozen_MultiPhaseExtensionModuleTests.test_load_twice" status="run" result="completed" time="0.000126" /><testcase name="test.test_importlib.extension.test_loader.Frozen_MultiPhaseExtensionModuleTests.test_module" status="run" result="completed" time="0.000102" /><testcase name="test.test_importlib.extension.test_loader.Frozen_MultiPhaseExtensionModuleTests.test_nonascii" status="run" result="completed" time="0.000558" /><testcase name="test.test_importlib.extension.test_loader.Frozen_MultiPhaseExtensionModuleTests.test_reload" status="run" result="completed" time="0.000124" /><testcase name="test.test_importlib.extension.test_loader.Frozen_MultiPhaseExtensionModuleTests.test_try_registration" status="run" result="completed" time="0.000107" /><testcase name="test.test_importlib.extension.test_loader.Frozen_MultiPhaseExtensionModuleTests.test_unloadable" status="run" result="completed" time="0.000094" /><testcase name="test.test_importlib.extension.test_loader.Frozen_MultiPhaseExtensionModuleTests.test_unloadable_nonascii" status="run" result="completed" time="0.000146" /><testcase name="test.test_importlib.extension.test_loader.Frozen_SinglePhaseExtensionModuleTests.test_module" status="run" result="completed" time="0.000089" /><testcase name="test.test_importlib.extension.test_loader.Frozen_SinglePhaseExtensionModuleTests.test_unloadable" status="run" result="completed" time="0.000101" /><testcase name="test.test_importlib.extension.test_loader.Frozen_SinglePhaseExtensionModuleTests.test_unloadable_nonascii" status="run" result="completed" time="0.000099" /><testcase name="test.test_importlib.extension.test_loader.NonModuleExtensionTests.test_nonmodule_cases" status="run" result="completed" time="0.050202" /><testcase name="test.test_importlib.extension.test_loader.Source_LoaderTests.test_equality" status="run" result="completed" time="0.000044" /><testcase name="test.test_importlib.extension.test_loader.Source_LoaderTests.test_inequality" status="run" result="completed" time="0.000014" /><testcase name="test.test_importlib.extension.test_loader.Source_LoaderTests.test_is_package" status="run" result="completed" time="0.000040" /><testcase name="test.test_importlib.extension.test_loader.Source_LoaderTests.test_load_module_API" status="run" result="completed" time="0.000170" /><testcase name="test.test_importlib.extension.test_loader.Source_LoaderTests.test_module" status="run" result="completed" time="0.000049" /><testcase name="test.test_importlib.extension.test_loader.Source_LoaderTests.test_module_reuse" status="run" result="completed" time="0.000044" /><testcase name="test.test_importlib.extension.test_loader.Source_LoaderTests.test_unloadable" status="run" result="completed" time="0.000019" /><testcase name="test.test_importlib.extension.test_loader.Source_MultiPhaseExtensionModuleTests.test_bad_modules" status="run" result="completed" time="0.000898" /><testcase name="test.test_importlib.extension.test_loader.Source_MultiPhaseExtensionModuleTests.test_functionality" status="run" result="completed" time="0.000154" /><testcase name="test.test_importlib.extension.test_loader.Source_MultiPhaseExtensionModuleTests.test_load_short_name" status="run" result="completed" time="0.000092" /><testcase name="test.test_importlib.extension.test_loader.Source_MultiPhaseExtensionModuleTests.test_load_submodule" status="run" result="completed" time="0.000656" /><testcase name="test.test_importlib.extension.test_loader.Source_MultiPhaseExtensionModuleTests.test_load_twice" status="run" result="completed" time="0.000148" /><testcase name="test.test_importlib.extension.test_loader.Source_MultiPhaseExtensionModuleTests.test_module" status="run" result="completed" time="0.000111" /><testcase name="test.test_importlib.extension.test_loader.Source_MultiPhaseExtensionModuleTests.test_nonascii" status="run" result="completed" time="0.000179" /><testcase name="test.test_importlib.extension.test_loader.Source_MultiPhaseExtensionModuleTests.test_reload" status="run" result="completed" time="0.000142" /><testcase name="test.test_importlib.extension.test_loader.Source_MultiPhaseExtensionModuleTests.test_try_registration" status="run" result="completed" time="0.000107" /><testcase name="test.test_importlib.extension.test_loader.Source_MultiPhaseExtensionModuleTests.test_unloadable" status="run" result="completed" time="0.000098" /><testcase name="test.test_importlib.extension.test_loader.Source_MultiPhaseExtensionModuleTests.test_unloadable_nonascii" status="run" result="completed" time="0.000093" /><testcase name="test.test_importlib.extension.test_loader.Source_SinglePhaseExtensionModuleTests.test_module" status="run" result="completed" time="0.000073" /><testcase name="test.test_importlib.extension.test_loader.Source_SinglePhaseExtensionModuleTests.test_unloadable" status="run" result="completed" time="0.000083" /><testcase name="test.test_importlib.extension.test_loader.Source_SinglePhaseExtensionModuleTests.test_unloadable_nonascii" status="run" result="completed" time="0.000086" /><testcase name="test.test_importlib.extension.test_path_hook.Frozen_PathHookTests.test_success" status="run" result="completed" time="0.000025" /><testcase name="test.test_importlib.extension.test_path_hook.Source_PathHookTests.test_success" status="run" result="completed" time="0.000023" /><testcase name="test.test_importlib.frozen.test_finder.Frozen_FindSpecTests.test_failure" status="run" result="completed" time="0.000014" /><testcase name="test.test_importlib.frozen.test_finder.Frozen_FindSpecTests.test_module" status="run" result="completed" time="0.000110" /><testcase name="test.test_importlib.frozen.test_finder.Frozen_FindSpecTests.test_not_using_frozen" status="run" result="completed" time="0.000009" /><testcase name="test.test_importlib.frozen.test_finder.Frozen_FindSpecTests.test_package" status="run" result="completed" time="0.000048" /><testcase name="test.test_importlib.frozen.test_finder.Frozen_FindSpecTests.test_path_ignored" status="run" result="completed" time="0.000145" /><testcase name="test.test_importlib.frozen.test_finder.Frozen_FindSpecTests.test_target_ignored" status="run" result="completed" time="0.000214" /><testcase name="test.test_importlib.frozen.test_finder.Source_FindSpecTests.test_failure" status="run" result="completed" time="0.000013" /><testcase name="test.test_importlib.frozen.test_finder.Source_FindSpecTests.test_module" status="run" result="completed" time="0.000094" /><testcase name="test.test_importlib.frozen.test_finder.Source_FindSpecTests.test_not_using_frozen" status="run" result="completed" time="0.000009" /><testcase name="test.test_importlib.frozen.test_finder.Source_FindSpecTests.test_package" status="run" result="completed" time="0.000041" /><testcase name="test.test_importlib.frozen.test_finder.Source_FindSpecTests.test_path_ignored" status="run" result="completed" time="0.000138" /><testcase name="test.test_importlib.frozen.test_finder.Source_FindSpecTests.test_target_ignored" status="run" result="completed" time="0.000110" /><testcase name="test.test_importlib.frozen.test_loader.Frozen_ExecModuleTests.test_lacking_parent" status="run" result="completed" time="0.000053" /><testcase name="test.test_importlib.frozen.test_loader.Frozen_ExecModuleTests.test_module" status="run" result="completed" time="0.000046" /><testcase name="test.test_importlib.frozen.test_loader.Frozen_ExecModuleTests.test_module_repr_indirect_through_spec" status="run" result="completed" time="0.000039" /><testcase name="test.test_importlib.frozen.test_loader.Frozen_ExecModuleTests.test_package" status="run" result="completed" time="0.000023" /><testcase name="test.test_importlib.frozen.test_loader.Frozen_ExecModuleTests.test_unloadable" status="run" result="completed" time="0.000020" /><testcase name="test.test_importlib.frozen.test_loader.Frozen_InspectLoaderTests.test_failure" status="run" result="completed" time="0.000024" /><testcase name="test.test_importlib.frozen.test_loader.Frozen_InspectLoaderTests.test_get_code" status="run" result="completed" time="0.000032" /><testcase name="test.test_importlib.frozen.test_loader.Frozen_InspectLoaderTests.test_get_source" status="run" result="completed" time="0.000010" /><testcase name="test.test_importlib.frozen.test_loader.Frozen_InspectLoaderTests.test_is_package" status="run" result="completed" time="0.000012" /><testcase name="test.test_importlib.frozen.test_loader.Source_ExecModuleTests.test_lacking_parent" status="run" result="completed" time="0.000034" /><testcase name="test.test_importlib.frozen.test_loader.Source_ExecModuleTests.test_module" status="run" result="completed" time="0.000036" /><testcase name="test.test_importlib.frozen.test_loader.Source_ExecModuleTests.test_module_repr_indirect_through_spec" status="run" result="completed" time="0.000038" /><testcase name="test.test_importlib.frozen.test_loader.Source_ExecModuleTests.test_package" status="run" result="completed" time="0.000021" /><testcase name="test.test_importlib.frozen.test_loader.Source_ExecModuleTests.test_unloadable" status="run" result="completed" time="0.000015" /><testcase name="test.test_importlib.frozen.test_loader.Source_InspectLoaderTests.test_failure" status="run" result="completed" time="0.000021" /><testcase name="test.test_importlib.frozen.test_loader.Source_InspectLoaderTests.test_get_code" status="run" result="completed" time="0.000031" /><testcase name="test.test_importlib.frozen.test_loader.Source_InspectLoaderTests.test_get_source" status="run" result="completed" time="0.000008" /><testcase name="test.test_importlib.frozen.test_loader.Source_InspectLoaderTests.test_is_package" status="run" result="completed" time="0.000011" /><testcase name="test.test_importlib.import_.test___loader__.Frozen_SpecLoaderAttributeTests.test___loader__" status="run" result="completed" time="0.000034" /><testcase name="test.test_importlib.import_.test___loader__.Source_SpecLoaderAttributeTests.test___loader__" status="run" result="completed" time="0.000056" /><testcase name="test.test_importlib.import_.test___package__.Frozen_Using__package__PEP451.test_None_as___package__" status="run" result="completed" time="0.000096" /><testcase name="test.test_importlib.import_.test___package__.Frozen_Using__package__PEP451.test_bad__package__" status="run" result="completed" time="0.000047" /><testcase name="test.test_importlib.import_.test___package__.Frozen_Using__package__PEP451.test_bunk__package__" status="run" result="completed" time="0.000011" /><testcase name="test.test_importlib.import_.test___package__.Frozen_Using__package__PEP451.test_spec_fallback" status="run" result="completed" time="0.000060" /><testcase name="test.test_importlib.import_.test___package__.Frozen_Using__package__PEP451.test_using___name__" status="run" result="completed" time="0.000062" /><testcase name="test.test_importlib.import_.test___package__.Frozen_Using__package__PEP451.test_using___package__" status="run" result="completed" time="0.000049" /><testcase name="test.test_importlib.import_.test___package__.Frozen_Using__package__PEP451.test_warn_when_package_and_spec_disagree" status="run" result="completed" time="0.000210" /><testcase name="test.test_importlib.import_.test___package__.Frozen_Using__package__PEP451.test_warn_when_using___name__" status="run" result="completed" time="0.000100" /><testcase name="test.test_importlib.import_.test___package__.Setting__package__PEP451.test_package" status="run" result="completed" time="0.000053" /><testcase name="test.test_importlib.import_.test___package__.Setting__package__PEP451.test_submodule" status="run" result="completed" time="0.000057" /><testcase name="test.test_importlib.import_.test___package__.Setting__package__PEP451.test_top_level" status="run" result="completed" time="0.000032" /><testcase name="test.test_importlib.import_.test___package__.Source_Using__package__PEP451.test_None_as___package__" status="run" result="completed" time="0.000068" /><testcase name="test.test_importlib.import_.test___package__.Source_Using__package__PEP451.test_bad__package__" status="run" result="completed" time="0.000041" /><testcase name="test.test_importlib.import_.test___package__.Source_Using__package__PEP451.test_bunk__package__" status="run" result="completed" time="0.000011" /><testcase name="test.test_importlib.import_.test___package__.Source_Using__package__PEP451.test_spec_fallback" status="run" result="completed" time="0.000054" /><testcase name="test.test_importlib.import_.test___package__.Source_Using__package__PEP451.test_using___name__" status="run" result="completed" time="0.000056" /><testcase name="test.test_importlib.import_.test___package__.Source_Using__package__PEP451.test_using___package__" status="run" result="completed" time="0.000048" /><testcase name="test.test_importlib.import_.test___package__.Source_Using__package__PEP451.test_warn_when_package_and_spec_disagree" status="run" result="completed" time="0.000095" /><testcase name="test.test_importlib.import_.test___package__.Source_Using__package__PEP451.test_warn_when_using___name__" status="run" result="completed" time="0.000088" /><testcase name="test.test_importlib.import_.test_api.Frozen_OldAPITests.test_blocked_fromlist" status="run" result="completed" time="0.000031" /><testcase name="test.test_importlib.import_.test_api.Frozen_OldAPITests.test_fromlist_load_error_propagates" status="run" result="completed" time="0.000009" /><testcase name="test.test_importlib.import_.test_api.Frozen_OldAPITests.test_name_requires_rparition" status="run" result="completed" time="0.000011" /><testcase name="test.test_importlib.import_.test_api.Frozen_OldAPITests.test_negative_level" status="run" result="completed" time="0.000012" /><testcase name="test.test_importlib.import_.test_api.Frozen_OldAPITests.test_nonexistent_fromlist_entry" status="run" result="completed" time="0.000028" /><testcase name="test.test_importlib.import_.test_api.Frozen_OldAPITests.test_raises_ModuleNotFoundError" status="run" result="completed" time="0.000088" /><testcase name="test.test_importlib.import_.test_api.Frozen_SpecAPITests.test_blocked_fromlist" status="run" result="completed" time="0.000023" /><testcase name="test.test_importlib.import_.test_api.Frozen_SpecAPITests.test_fromlist_load_error_propagates" status="run" result="completed" time="0.000029" /><testcase name="test.test_importlib.import_.test_api.Frozen_SpecAPITests.test_name_requires_rparition" status="run" result="completed" time="0.000016" /><testcase name="test.test_importlib.import_.test_api.Frozen_SpecAPITests.test_negative_level" status="run" result="completed" time="0.000008" /><testcase name="test.test_importlib.import_.test_api.Frozen_SpecAPITests.test_nonexistent_fromlist_entry" status="run" result="completed" time="0.000020" /><testcase name="test.test_importlib.import_.test_api.Frozen_SpecAPITests.test_raises_ModuleNotFoundError" status="run" result="completed" time="0.000073" /><testcase name="test.test_importlib.import_.test_api.Source_OldAPITests.test_blocked_fromlist" status="run" result="completed" time="0.000030" /><testcase name="test.test_importlib.import_.test_api.Source_OldAPITests.test_fromlist_load_error_propagates" status="run" result="completed" time="0.000009" /><testcase name="test.test_importlib.import_.test_api.Source_OldAPITests.test_name_requires_rparition" status="run" result="completed" time="0.000013" /><testcase name="test.test_importlib.import_.test_api.Source_OldAPITests.test_negative_level" status="run" result="completed" time="0.000013" /><testcase name="test.test_importlib.import_.test_api.Source_OldAPITests.test_nonexistent_fromlist_entry" status="run" result="completed" time="0.000025" /><testcase name="test.test_importlib.import_.test_api.Source_OldAPITests.test_raises_ModuleNotFoundError" status="run" result="completed" time="0.000075" /><testcase name="test.test_importlib.import_.test_api.Source_SpecAPITests.test_blocked_fromlist" status="run" result="completed" time="0.000020" /><testcase name="test.test_importlib.import_.test_api.Source_SpecAPITests.test_fromlist_load_error_propagates" status="run" result="completed" time="0.000029" /><testcase name="test.test_importlib.import_.test_api.Source_SpecAPITests.test_name_requires_rparition" status="run" result="completed" time="0.000010" /><testcase name="test.test_importlib.import_.test_api.Source_SpecAPITests.test_negative_level" status="run" result="completed" time="0.000009" /><testcase name="test.test_importlib.import_.test_api.Source_SpecAPITests.test_nonexistent_fromlist_entry" status="run" result="completed" time="0.000019" /><testcase name="test.test_importlib.import_.test_api.Source_SpecAPITests.test_raises_ModuleNotFoundError" status="run" result="completed" time="0.000071" /><testcase name="test.test_importlib.import_.test_caching.Frozen_UseCache.test_None_in_cache" status="run" result="completed" time="0.000017" /><testcase name="test.test_importlib.import_.test_caching.Frozen_UseCache.test_using_cache" status="run" result="completed" time="0.000010" /><testcase name="test.test_importlib.import_.test_caching.ImportlibUseCache.test_None_in_cache" status="run" result="completed" time="0.000015" /><testcase name="test.test_importlib.import_.test_caching.ImportlibUseCache.test_using_cache" status="run" result="completed" time="0.000010" /><testcase name="test.test_importlib.import_.test_caching.ImportlibUseCache.test_using_cache_after_loader" status="run" result="completed" time="0.000042" /><testcase name="test.test_importlib.import_.test_caching.ImportlibUseCache.test_using_cache_for_assigning_to_attribute" status="run" result="completed" time="0.000058" /><testcase name="test.test_importlib.import_.test_caching.ImportlibUseCache.test_using_cache_for_fromlist" status="run" result="completed" time="0.000051" /><testcase name="test.test_importlib.import_.test_caching.Source_UseCache.test_None_in_cache" status="run" result="completed" time="0.000017" /><testcase name="test.test_importlib.import_.test_caching.Source_UseCache.test_using_cache" status="run" result="completed" time="0.000009" /><testcase name="test.test_importlib.import_.test_fromlist.Frozen_HandlingFromlist.test_empty_string" status="run" result="completed" time="0.000056" /><testcase name="test.test_importlib.import_.test_fromlist.Frozen_HandlingFromlist.test_fromlist_as_tuple" status="run" result="completed" time="0.000057" /><testcase name="test.test_importlib.import_.test_fromlist.Frozen_HandlingFromlist.test_invalid_type" status="run" result="completed" time="0.000114" /><testcase name="test.test_importlib.import_.test_fromlist.Frozen_HandlingFromlist.test_invalid_type_in_all" status="run" result="completed" time="0.000063" /><testcase name="test.test_importlib.import_.test_fromlist.Frozen_HandlingFromlist.test_module_from_package" status="run" result="completed" time="0.000056" /><testcase name="test.test_importlib.import_.test_fromlist.Frozen_HandlingFromlist.test_module_from_package_triggers_ModuleNotFoundError" status="run" result="completed" time="0.000066" /><testcase name="test.test_importlib.import_.test_fromlist.Frozen_HandlingFromlist.test_nonexistent_from_package" status="run" result="completed" time="0.000039" /><testcase name="test.test_importlib.import_.test_fromlist.Frozen_HandlingFromlist.test_nonexistent_in_all" status="run" result="completed" time="0.000040" /><testcase name="test.test_importlib.import_.test_fromlist.Frozen_HandlingFromlist.test_nonexistent_object" status="run" result="completed" time="0.000032" /><testcase name="test.test_importlib.import_.test_fromlist.Frozen_HandlingFromlist.test_object" status="run" result="completed" time="0.000029" /><testcase name="test.test_importlib.import_.test_fromlist.Frozen_HandlingFromlist.test_star_in_all" status="run" result="completed" time="0.000030" /><testcase name="test.test_importlib.import_.test_fromlist.Frozen_HandlingFromlist.test_star_with_others" status="run" result="completed" time="0.000069" /><testcase name="test.test_importlib.import_.test_fromlist.Frozen_HandlingFromlist.test_using_star" status="run" result="completed" time="0.000048" /><testcase name="test.test_importlib.import_.test_fromlist.Frozen_ReturnValue.test_return_from_from_import" status="run" result="completed" time="0.000055" /><testcase name="test.test_importlib.import_.test_fromlist.Frozen_ReturnValue.test_return_from_import" status="run" result="completed" time="0.000046" /><testcase name="test.test_importlib.import_.test_fromlist.Source_HandlingFromlist.test_empty_string" status="run" result="completed" time="0.000049" /><testcase name="test.test_importlib.import_.test_fromlist.Source_HandlingFromlist.test_fromlist_as_tuple" status="run" result="completed" time="0.000050" /><testcase name="test.test_importlib.import_.test_fromlist.Source_HandlingFromlist.test_invalid_type" status="run" result="completed" time="0.000044" /><testcase name="test.test_importlib.import_.test_fromlist.Source_HandlingFromlist.test_invalid_type_in_all" status="run" result="completed" time="0.000039" /><testcase name="test.test_importlib.import_.test_fromlist.Source_HandlingFromlist.test_module_from_package" status="run" result="completed" time="0.000050" /><testcase name="test.test_importlib.import_.test_fromlist.Source_HandlingFromlist.test_module_from_package_triggers_ModuleNotFoundError" status="run" result="completed" time="0.000062" /><testcase name="test.test_importlib.import_.test_fromlist.Source_HandlingFromlist.test_nonexistent_from_package" status="run" result="completed" time="0.000036" /><testcase name="test.test_importlib.import_.test_fromlist.Source_HandlingFromlist.test_nonexistent_in_all" status="run" result="completed" time="0.000037" /><testcase name="test.test_importlib.import_.test_fromlist.Source_HandlingFromlist.test_nonexistent_object" status="run" result="completed" time="0.000029" /><testcase name="test.test_importlib.import_.test_fromlist.Source_HandlingFromlist.test_object" status="run" result="completed" time="0.000028" /><testcase name="test.test_importlib.import_.test_fromlist.Source_HandlingFromlist.test_star_in_all" status="run" result="completed" time="0.000033" /><testcase name="test.test_importlib.import_.test_fromlist.Source_HandlingFromlist.test_star_with_others" status="run" result="completed" time="0.000068" /><testcase name="test.test_importlib.import_.test_fromlist.Source_HandlingFromlist.test_using_star" status="run" result="completed" time="0.000047" /><testcase name="test.test_importlib.import_.test_fromlist.Source_ReturnValue.test_return_from_from_import" status="run" result="completed" time="0.000050" /><testcase name="test.test_importlib.import_.test_fromlist.Source_ReturnValue.test_return_from_import" status="run" result="completed" time="0.000044" /><testcase name="test.test_importlib.import_.test_helpers.Frozen_FixUpModuleTests.test_no_loader_but_spec" status="run" result="completed" time="0.000011" /><testcase name="test.test_importlib.import_.test_helpers.Frozen_FixUpModuleTests.test_no_loader_no_spec_but_source" status="run" result="completed" time="0.000059" /><testcase name="test.test_importlib.import_.test_helpers.Frozen_FixUpModuleTests.test_no_loader_no_spec_but_sourceless" status="run" result="completed" time="0.000059" /><testcase name="test.test_importlib.import_.test_helpers.Source_FixUpModuleTests.test_no_loader_but_spec" status="run" result="completed" time="0.000010" /><testcase name="test.test_importlib.import_.test_helpers.Source_FixUpModuleTests.test_no_loader_no_spec_but_source" status="run" result="completed" time="0.000042" /><testcase name="test.test_importlib.import_.test_helpers.Source_FixUpModuleTests.test_no_loader_no_spec_but_sourceless" status="run" result="completed" time="0.000053" /><testcase name="test.test_importlib.import_.test_helpers.TestBlessMyLoader.test_gh86298_loader_and_spec_loader_disagree" status="run" result="completed" time="0.000072" /><testcase name="test.test_importlib.import_.test_helpers.TestBlessMyLoader.test_gh86298_loader_is_none_and_no_spec" status="run" result="completed" time="0.000010" /><testcase name="test.test_importlib.import_.test_helpers.TestBlessMyLoader.test_gh86298_loader_is_none_and_spec_is_none" status="run" result="completed" time="0.000012" /><testcase name="test.test_importlib.import_.test_helpers.TestBlessMyLoader.test_gh86298_loader_is_none_and_spec_loader_is_none" status="run" result="completed" time="0.000010" /><testcase name="test.test_importlib.import_.test_helpers.TestBlessMyLoader.test_gh86298_no_loader_and_no_spec" status="run" result="completed" time="0.000007" /><testcase name="test.test_importlib.import_.test_helpers.TestBlessMyLoader.test_gh86298_no_loader_and_no_spec_loader" status="run" result="completed" time="0.000009" /><testcase name="test.test_importlib.import_.test_helpers.TestBlessMyLoader.test_gh86298_no_loader_and_spec_is_none" status="run" result="completed" time="0.000008" /><testcase name="test.test_importlib.import_.test_helpers.TestBlessMyLoader.test_gh86298_no_loader_with_spec_loader_okay" status="run" result="completed" time="0.000008" /><testcase name="test.test_importlib.import_.test_helpers.TestBlessMyLoader.test_gh86298_no_spec" status="run" result="completed" time="0.000048" /><testcase name="test.test_importlib.import_.test_helpers.TestBlessMyLoader.test_gh86298_no_spec_loader" status="run" result="completed" time="0.000045" /><testcase name="test.test_importlib.import_.test_helpers.TestBlessMyLoader.test_gh86298_spec_is_none" status="run" result="completed" time="0.000045" /><testcase name="test.test_importlib.import_.test_meta_path.Frozen_CallSignaturePEP451.test_no_path" status="run" result="completed" time="0.000046" /><testcase name="test.test_importlib.import_.test_meta_path.Frozen_CallSignaturePEP451.test_with_path" status="run" result="completed" time="0.000056" /><testcase name="test.test_importlib.import_.test_meta_path.Frozen_CallingOrder.test_continuing" status="run" result="completed" time="0.000035" /><testcase name="test.test_importlib.import_.test_meta_path.Frozen_CallingOrder.test_empty" status="run" result="completed" time="0.000018" /><testcase name="test.test_importlib.import_.test_meta_path.Frozen_CallingOrder.test_first_called" status="run" result="completed" time="0.000036" /><testcase name="test.test_importlib.import_.test_meta_path.Source_CallSignaturePEP451.test_no_path" status="run" result="completed" time="0.000036" /><testcase name="test.test_importlib.import_.test_meta_path.Source_CallSignaturePEP451.test_with_path" status="run" result="completed" time="0.000051" /><testcase name="test.test_importlib.import_.test_meta_path.Source_CallingOrder.test_continuing" status="run" result="completed" time="0.000035" /><testcase name="test.test_importlib.import_.test_meta_path.Source_CallingOrder.test_empty" status="run" result="completed" time="0.000018" /><testcase name="test.test_importlib.import_.test_meta_path.Source_CallingOrder.test_first_called" status="run" result="completed" time="0.000032" /><testcase name="test.test_importlib.import_.test_packages.Frozen_ParentModuleTests.test_bad_parent" status="run" result="completed" time="0.000030" /><testcase name="test.test_importlib.import_.test_packages.Frozen_ParentModuleTests.test_import_parent" status="run" result="completed" time="0.000048" /><testcase name="test.test_importlib.import_.test_packages.Frozen_ParentModuleTests.test_module_not_package" status="run" result="completed" time="0.000019" /><testcase name="test.test_importlib.import_.test_packages.Frozen_ParentModuleTests.test_module_not_package_but_side_effects" status="run" result="completed" time="0.000036" /><testcase name="test.test_importlib.import_.test_packages.Frozen_ParentModuleTests.test_raising_parent_after_double_relative_importing_child" status="run" result="completed" time="0.000098" /><testcase name="test.test_importlib.import_.test_packages.Frozen_ParentModuleTests.test_raising_parent_after_importing_child" status="run" result="completed" time="0.000080" /><testcase name="test.test_importlib.import_.test_packages.Frozen_ParentModuleTests.test_raising_parent_after_relative_importing_child" status="run" result="completed" time="0.000080" /><testcase name="test.test_importlib.import_.test_packages.Source_ParentModuleTests.test_bad_parent" status="run" result="completed" time="0.000029" /><testcase name="test.test_importlib.import_.test_packages.Source_ParentModuleTests.test_import_parent" status="run" result="completed" time="0.000048" /><testcase name="test.test_importlib.import_.test_packages.Source_ParentModuleTests.test_module_not_package" status="run" result="completed" time="0.000019" /><testcase name="test.test_importlib.import_.test_packages.Source_ParentModuleTests.test_module_not_package_but_side_effects" status="run" result="completed" time="0.000035" /><testcase name="test.test_importlib.import_.test_packages.Source_ParentModuleTests.test_raising_parent_after_double_relative_importing_child" status="run" result="completed" time="0.000091" /><testcase name="test.test_importlib.import_.test_packages.Source_ParentModuleTests.test_raising_parent_after_importing_child" status="run" result="completed" time="0.000081" /><testcase name="test.test_importlib.import_.test_packages.Source_ParentModuleTests.test_raising_parent_after_relative_importing_child" status="run" result="completed" time="0.000077" /><testcase name="test.test_importlib.import_.test_path.Frozen_FindModuleTests.test_None_on_sys_path" status="run" result="completed" time="0.000173" /><testcase name="test.test_importlib.import_.test_path.Frozen_FindModuleTests.test_deleted_cwd" status="run" result="completed" time="0.000762" /><testcase name="test.test_importlib.import_.test_path.Frozen_FindModuleTests.test_empty_list" status="run" result="completed" time="0.000013" /><testcase name="test.test_importlib.import_.test_path.Frozen_FindModuleTests.test_empty_path_hooks" status="run" result="completed" time="0.000022" /><testcase name="test.test_importlib.import_.test_path.Frozen_FindModuleTests.test_failure" status="run" result="completed" time="0.000010" /><testcase name="test.test_importlib.import_.test_path.Frozen_FindModuleTests.test_finder_with_find_spec" status="run" result="completed" time="0.000027" /><testcase name="test.test_importlib.import_.test_path.Frozen_FindModuleTests.test_invalidate_caches_clear_out_None" status="run" result="completed" time="0.000024" /><testcase name="test.test_importlib.import_.test_path.Frozen_FindModuleTests.test_invalidate_caches_clear_out_relative_path" status="run" result="completed" time="0.000020" /><testcase name="test.test_importlib.import_.test_path.Frozen_FindModuleTests.test_invalidate_caches_finders" status="run" result="completed" time="0.000039" /><testcase name="test.test_importlib.import_.test_path.Frozen_FindModuleTests.test_path" status="run" result="completed" time="0.000024" /><testcase name="test.test_importlib.import_.test_path.Frozen_FindModuleTests.test_path_hooks" status="run" result="completed" time="0.000025" /><testcase name="test.test_importlib.import_.test_path.Frozen_FindModuleTests.test_path_importer_cache_empty_string" status="run" result="completed" time="0.000045" /><testcase name="test.test_importlib.import_.test_path.Frozen_FindModuleTests.test_permission_error_cwd" status="run" result="completed" time="0.000272" /><testcase name="test.test_importlib.import_.test_path.Frozen_FindModuleTests.test_sys_path" status="run" result="completed" time="0.000029" /><testcase name="test.test_importlib.import_.test_path.Frozen_FindSpecTests.test_None_on_sys_path" status="run" result="completed" time="0.000112" /><testcase name="test.test_importlib.import_.test_path.Frozen_FindSpecTests.test_deleted_cwd" status="run" result="completed" time="0.000162" /><testcase name="test.test_importlib.import_.test_path.Frozen_FindSpecTests.test_empty_list" status="run" result="completed" time="0.000012" /><testcase name="test.test_importlib.import_.test_path.Frozen_FindSpecTests.test_empty_path_hooks" status="run" result="completed" time="0.000022" /><testcase name="test.test_importlib.import_.test_path.Frozen_FindSpecTests.test_failure" status="run" result="completed" time="0.000009" /><testcase name="test.test_importlib.import_.test_path.Frozen_FindSpecTests.test_finder_with_find_spec" status="run" result="completed" time="0.000024" /><testcase name="test.test_importlib.import_.test_path.Frozen_FindSpecTests.test_invalidate_caches_clear_out_None" status="run" result="completed" time="0.000012" /><testcase name="test.test_importlib.import_.test_path.Frozen_FindSpecTests.test_invalidate_caches_clear_out_relative_path" status="run" result="completed" time="0.000017" /><testcase name="test.test_importlib.import_.test_path.Frozen_FindSpecTests.test_invalidate_caches_finders" status="run" result="completed" time="0.000034" /><testcase name="test.test_importlib.import_.test_path.Frozen_FindSpecTests.test_path" status="run" result="completed" time="0.000022" /><testcase name="test.test_importlib.import_.test_path.Frozen_FindSpecTests.test_path_hooks" status="run" result="completed" time="0.000024" /><testcase name="test.test_importlib.import_.test_path.Frozen_FindSpecTests.test_path_importer_cache_empty_string" status="run" result="completed" time="0.000045" /><testcase name="test.test_importlib.import_.test_path.Frozen_FindSpecTests.test_permission_error_cwd" status="run" result="completed" time="0.000248" /><testcase name="test.test_importlib.import_.test_path.Frozen_FindSpecTests.test_sys_path" status="run" result="completed" time="0.000028" /><testcase name="test.test_importlib.import_.test_path.Frozen_PathEntryFinderTests.test_finder_with_failing_find_spec" status="run" result="completed" time="0.000035" /><testcase name="test.test_importlib.import_.test_path.Source_FindModuleTests.test_None_on_sys_path" status="run" result="completed" time="0.000128" /><testcase name="test.test_importlib.import_.test_path.Source_FindModuleTests.test_deleted_cwd" status="run" result="completed" time="0.000157" /><testcase name="test.test_importlib.import_.test_path.Source_FindModuleTests.test_empty_list" status="run" result="completed" time="0.000013" /><testcase name="test.test_importlib.import_.test_path.Source_FindModuleTests.test_empty_path_hooks" status="run" result="completed" time="0.000022" /><testcase name="test.test_importlib.import_.test_path.Source_FindModuleTests.test_failure" status="run" result="completed" time="0.000009" /><testcase name="test.test_importlib.import_.test_path.Source_FindModuleTests.test_finder_with_find_spec" status="run" result="completed" time="0.000025" /><testcase name="test.test_importlib.import_.test_path.Source_FindModuleTests.test_invalidate_caches_clear_out_None" status="run" result="completed" time="0.000013" /><testcase name="test.test_importlib.import_.test_path.Source_FindModuleTests.test_invalidate_caches_clear_out_relative_path" status="run" result="completed" time="0.000020" /><testcase name="test.test_importlib.import_.test_path.Source_FindModuleTests.test_invalidate_caches_finders" status="run" result="completed" time="0.000040" /><testcase name="test.test_importlib.import_.test_path.Source_FindModuleTests.test_path" status="run" result="completed" time="0.000023" /><testcase name="test.test_importlib.import_.test_path.Source_FindModuleTests.test_path_hooks" status="run" result="completed" time="0.000023" /><testcase name="test.test_importlib.import_.test_path.Source_FindModuleTests.test_path_importer_cache_empty_string" status="run" result="completed" time="0.000047" /><testcase name="test.test_importlib.import_.test_path.Source_FindModuleTests.test_permission_error_cwd" status="run" result="completed" time="0.000216" /><testcase name="test.test_importlib.import_.test_path.Source_FindModuleTests.test_sys_path" status="run" result="completed" time="0.000026" /><testcase name="test.test_importlib.import_.test_path.Source_FindSpecTests.test_None_on_sys_path" status="run" result="completed" time="0.000095" /><testcase name="test.test_importlib.import_.test_path.Source_FindSpecTests.test_deleted_cwd" status="run" result="completed" time="0.000155" /><testcase name="test.test_importlib.import_.test_path.Source_FindSpecTests.test_empty_list" status="run" result="completed" time="0.000011" /><testcase name="test.test_importlib.import_.test_path.Source_FindSpecTests.test_empty_path_hooks" status="run" result="completed" time="0.000019" /><testcase name="test.test_importlib.import_.test_path.Source_FindSpecTests.test_failure" status="run" result="completed" time="0.000009" /><testcase name="test.test_importlib.import_.test_path.Source_FindSpecTests.test_finder_with_find_spec" status="run" result="completed" time="0.000021" /><testcase name="test.test_importlib.import_.test_path.Source_FindSpecTests.test_invalidate_caches_clear_out_None" status="run" result="completed" time="0.000011" /><testcase name="test.test_importlib.import_.test_path.Source_FindSpecTests.test_invalidate_caches_clear_out_relative_path" status="run" result="completed" time="0.000016" /><testcase name="test.test_importlib.import_.test_path.Source_FindSpecTests.test_invalidate_caches_finders" status="run" result="completed" time="0.000035" /><testcase name="test.test_importlib.import_.test_path.Source_FindSpecTests.test_path" status="run" result="completed" time="0.000021" /><testcase name="test.test_importlib.import_.test_path.Source_FindSpecTests.test_path_hooks" status="run" result="completed" time="0.000021" /><testcase name="test.test_importlib.import_.test_path.Source_FindSpecTests.test_path_importer_cache_empty_string" status="run" result="completed" time="0.000043" /><testcase name="test.test_importlib.import_.test_path.Source_FindSpecTests.test_permission_error_cwd" status="run" result="completed" time="0.000214" /><testcase name="test.test_importlib.import_.test_path.Source_FindSpecTests.test_sys_path" status="run" result="completed" time="0.000027" /><testcase name="test.test_importlib.import_.test_path.Source_PathEntryFinderTests.test_finder_with_failing_find_spec" status="run" result="completed" time="0.000029" /><testcase name="test.test_importlib.import_.test_relative_imports.Frozen_RelativeImports.test_attr_from_module" status="run" result="completed" time="0.000109" /><testcase name="test.test_importlib.import_.test_relative_imports.Frozen_RelativeImports.test_deep_import" status="run" result="completed" time="0.000226" /><testcase name="test.test_importlib.import_.test_relative_imports.Frozen_RelativeImports.test_empty_name_w_level_0" status="run" result="completed" time="0.000012" /><testcase name="test.test_importlib.import_.test_relative_imports.Frozen_RelativeImports.test_import_from_different_package" status="run" result="completed" time="0.000120" /><testcase name="test.test_importlib.import_.test_relative_imports.Frozen_RelativeImports.test_import_relative_import_no_fromlist" status="run" result="completed" time="0.000055" /><testcase name="test.test_importlib.import_.test_relative_imports.Frozen_RelativeImports.test_malicious_relative_import" status="run" result="completed" time="0.000980" /><testcase name="test.test_importlib.import_.test_relative_imports.Frozen_RelativeImports.test_module_from_module" status="run" result="completed" time="0.000093" /><testcase name="test.test_importlib.import_.test_relative_imports.Frozen_RelativeImports.test_module_to_package" status="run" result="completed" time="0.000061" /><testcase name="test.test_importlib.import_.test_relative_imports.Frozen_RelativeImports.test_package_to_module" status="run" result="completed" time="0.000081" /><testcase name="test.test_importlib.import_.test_relative_imports.Frozen_RelativeImports.test_package_to_package" status="run" result="completed" time="0.000075" /><testcase name="test.test_importlib.import_.test_relative_imports.Frozen_RelativeImports.test_relative_import_no_globals" status="run" result="completed" time="0.000013" /><testcase name="test.test_importlib.import_.test_relative_imports.Frozen_RelativeImports.test_relative_import_no_package" status="run" result="completed" time="0.000009" /><testcase name="test.test_importlib.import_.test_relative_imports.Frozen_RelativeImports.test_relative_import_no_package_exists_absolute" status="run" result="completed" time="0.000007" /><testcase name="test.test_importlib.import_.test_relative_imports.Frozen_RelativeImports.test_too_high_from_module" status="run" result="completed" time="0.000065" /><testcase name="test.test_importlib.import_.test_relative_imports.Frozen_RelativeImports.test_too_high_from_package" status="run" result="completed" time="0.000061" /><testcase name="test.test_importlib.import_.test_relative_imports.Source_RelativeImports.test_attr_from_module" status="run" result="completed" time="0.000101" /><testcase name="test.test_importlib.import_.test_relative_imports.Source_RelativeImports.test_deep_import" status="run" result="completed" time="0.000206" /><testcase name="test.test_importlib.import_.test_relative_imports.Source_RelativeImports.test_empty_name_w_level_0" status="run" result="completed" time="0.000011" /><testcase name="test.test_importlib.import_.test_relative_imports.Source_RelativeImports.test_import_from_different_package" status="run" result="completed" time="0.000101" /><testcase name="test.test_importlib.import_.test_relative_imports.Source_RelativeImports.test_import_relative_import_no_fromlist" status="run" result="completed" time="0.000055" /><testcase name="test.test_importlib.import_.test_relative_imports.Source_RelativeImports.test_malicious_relative_import" status="run" result="completed" time="0.000857" /><testcase name="test.test_importlib.import_.test_relative_imports.Source_RelativeImports.test_module_from_module" status="run" result="completed" time="0.000080" /><testcase name="test.test_importlib.import_.test_relative_imports.Source_RelativeImports.test_module_to_package" status="run" result="completed" time="0.000064" /><testcase name="test.test_importlib.import_.test_relative_imports.Source_RelativeImports.test_package_to_module" status="run" result="completed" time="0.000073" /><testcase name="test.test_importlib.import_.test_relative_imports.Source_RelativeImports.test_package_to_package" status="run" result="completed" time="0.000073" /><testcase name="test.test_importlib.import_.test_relative_imports.Source_RelativeImports.test_relative_import_no_globals" status="run" result="completed" time="0.000015" /><testcase name="test.test_importlib.import_.test_relative_imports.Source_RelativeImports.test_relative_import_no_package" status="run" result="completed" time="0.000015" /><testcase name="test.test_importlib.import_.test_relative_imports.Source_RelativeImports.test_relative_import_no_package_exists_absolute" status="run" result="completed" time="0.000009" /><testcase name="test.test_importlib.import_.test_relative_imports.Source_RelativeImports.test_too_high_from_module" status="run" result="completed" time="0.000068" /><testcase name="test.test_importlib.import_.test_relative_imports.Source_RelativeImports.test_too_high_from_package" status="run" result="completed" time="0.000065" /><testcase name="test.test_importlib.metadata.test_api.APITests.test_as_json" status="run" result="completed" time="0.014180" /><testcase name="test.test_importlib.metadata.test_api.APITests.test_as_json_egg_info" status="run" result="completed" time="0.007099" /><testcase name="test.test_importlib.metadata.test_api.APITests.test_as_json_odd_case" status="run" result="completed" time="0.007247" /><testcase name="test.test_importlib.metadata.test_api.APITests.test_entry_points" status="run" result="completed" time="0.004663" /><testcase name="test.test_importlib.metadata.test_api.APITests.test_entry_points_allows_no_attributes" status="run" result="completed" time="0.004118" /><testcase name="test.test_importlib.metadata.test_api.APITests.test_entry_points_distribution" status="run" result="completed" time="0.007159" /><testcase name="test.test_importlib.metadata.test_api.APITests.test_entry_points_missing_group" status="run" result="completed" time="0.004361" /><testcase name="test.test_importlib.metadata.test_api.APITests.test_entry_points_missing_name" status="run" result="completed" time="0.005356" /><testcase name="test.test_importlib.metadata.test_api.APITests.test_entry_points_unique_packages_normalized" status="run" result="completed" time="0.007833" /><testcase name="test.test_importlib.metadata.test_api.APITests.test_file_hash_repr" status="run" result="completed" time="0.007671" /><testcase name="test.test_importlib.metadata.test_api.APITests.test_files_dist_info" status="run" result="completed" time="0.006902" /><testcase name="test.test_importlib.metadata.test_api.APITests.test_files_egg_info" status="run" result="completed" time="0.008350" /><testcase name="test.test_importlib.metadata.test_api.APITests.test_for_name_does_not_exist" status="run" result="completed" time="0.003961" /><testcase name="test.test_importlib.metadata.test_api.APITests.test_for_top_level" status="run" result="completed" time="0.006687" /><testcase name="test.test_importlib.metadata.test_api.APITests.test_get_key" status="run" result="completed" time="0.006732" /><testcase name="test.test_importlib.metadata.test_api.APITests.test_get_missing_key" status="run" result="completed" time="0.007581" /><testcase name="test.test_importlib.metadata.test_api.APITests.test_metadata_for_this_package" status="run" result="completed" time="0.010324" /><testcase name="test.test_importlib.metadata.test_api.APITests.test_missing_key" status="run" result="completed" time="0.006638" /><testcase name="test.test_importlib.metadata.test_api.APITests.test_more_complex_deps_requires_text" status="run" result="completed" time="0.003865" /><testcase name="test.test_importlib.metadata.test_api.APITests.test_name_normalization" status="run" result="completed" time="0.007143" /><testcase name="test.test_importlib.metadata.test_api.APITests.test_prefix_not_matched" status="run" result="completed" time="0.004080" /><testcase name="test.test_importlib.metadata.test_api.APITests.test_read_text" status="run" result="completed" time="0.007692" /><testcase name="test.test_importlib.metadata.test_api.APITests.test_requires_dist_info" status="run" result="completed" time="0.007278" /><testcase name="test.test_importlib.metadata.test_api.APITests.test_requires_egg_info" status="run" result="completed" time="0.007408" /><testcase name="test.test_importlib.metadata.test_api.APITests.test_requires_egg_info_empty" status="run" result="completed" time="0.006795" /><testcase name="test.test_importlib.metadata.test_api.APITests.test_requires_egg_info_file" status="run" result="completed" time="0.006606" /><testcase name="test.test_importlib.metadata.test_api.APITests.test_retrieves_version_of_distinfo_pkg" status="run" result="completed" time="0.006591" /><testcase name="test.test_importlib.metadata.test_api.APITests.test_retrieves_version_of_self" status="run" result="completed" time="0.006627" /><testcase name="test.test_importlib.metadata.test_api.APITests.test_version_egg_info_file" status="run" result="completed" time="0.006554" /><testcase name="test.test_importlib.metadata.test_api.InvalidateCache.test_invalidate_cache" status="run" result="completed" time="0.000047" /><testcase name="test.test_importlib.metadata.test_api.LegacyDots.test_name_normalization" status="run" result="completed" time="0.004115" /><testcase name="test.test_importlib.metadata.test_api.LegacyDots.test_name_normalization_versionless_egg_info" status="run" result="completed" time="0.003490" /><testcase name="test.test_importlib.metadata.test_api.OffSysPathTests.test_distribution_at_pathlib" status="run" result="completed" time="0.003093" /><testcase name="test.test_importlib.metadata.test_api.OffSysPathTests.test_distribution_at_str" status="run" result="completed" time="0.001057" /><testcase name="test.test_importlib.metadata.test_api.OffSysPathTests.test_find_distributions_specified_path" status="run" result="completed" time="0.001021" /><testcase name="test.test_importlib.metadata.test_main.BasicTests.test_abc_enforced" status="run" result="completed" time="0.001117" /><testcase name="test.test_importlib.metadata.test_main.BasicTests.test_for_name_does_not_exist" status="run" result="completed" time="0.001519" /><testcase name="test.test_importlib.metadata.test_main.BasicTests.test_invalid_inputs_to_from_name" status="run" result="completed" time="0.001092" /><testcase name="test.test_importlib.metadata.test_main.BasicTests.test_package_not_found_mentions_metadata" status="run" result="completed" time="0.001195" /><testcase name="test.test_importlib.metadata.test_main.BasicTests.test_retrieves_version_of_self" status="run" result="completed" time="0.001353" /><testcase name="test.test_importlib.metadata.test_main.DirectoryTest.test_egg" status="run" result="completed" time="0.000508" /><testcase name="test.test_importlib.metadata.test_main.DirectoryTest.test_egg_info" status="run" result="completed" time="0.000504" /><testcase name="test.test_importlib.metadata.test_main.DiscoveryTests.test_interleaved_discovery" status="run" result="completed" time="0.004620" /><testcase name="test.test_importlib.metadata.test_main.DiscoveryTests.test_invalid_usage" status="run" result="completed" time="0.003809" /><testcase name="test.test_importlib.metadata.test_main.DiscoveryTests.test_package_discovery" status="run" result="completed" time="0.004067" /><testcase name="test.test_importlib.metadata.test_main.EditableDistributionTest.test_origin" status="run" result="completed" time="0.001129" /><testcase name="test.test_importlib.metadata.test_main.FileSystem.test_unicode_dir_on_sys_path" status="run" result="completed" time="0.000333" /><testcase name="test.test_importlib.metadata.test_main.ImportTests.test_entrypoint_with_colon_in_name" status="run" result="completed" time="0.001049" /><testcase name="test.test_importlib.metadata.test_main.ImportTests.test_import_nonexistent_module" status="run" result="completed" time="0.001075" /><testcase name="test.test_importlib.metadata.test_main.ImportTests.test_resolve" status="run" result="completed" time="0.001488" /><testcase name="test.test_importlib.metadata.test_main.ImportTests.test_resolve_without_attr" status="run" result="completed" time="0.000915" /><testcase name="test.test_importlib.metadata.test_main.InaccessibleSysPath.test_discovery" status="run" result="completed" time="0.000020"><skipped>pyfakefs not available</skipped></testcase><testcase name="test.test_importlib.metadata.test_main.InvalidMetadataTests.test_missing_metadata" status="run" result="completed" time="0.000495" /><testcase name="test.test_importlib.metadata.test_main.InvalidMetadataTests.test_valid_dists_preferred" status="run" result="completed" time="0.000745" /><testcase name="test.test_importlib.metadata.test_main.MissingSysPath.test_discovery" status="run" result="completed" time="0.000040" /><testcase name="test.test_importlib.metadata.test_main.NameNormalizationTests.test_dashes_in_dist_name_found_as_underscores" status="run" result="completed" time="0.000501" /><testcase name="test.test_importlib.metadata.test_main.NameNormalizationTests.test_dist_name_found_as_any_case" status="run" result="completed" time="0.000659" /><testcase name="test.test_importlib.metadata.test_main.NameNormalizationTests.test_unique_distributions" status="run" result="completed" time="0.000896" /><testcase name="test.test_importlib.metadata.test_main.NonASCIITests.test_metadata_loads" status="run" result="completed" time="0.000487" /><testcase name="test.test_importlib.metadata.test_main.NonASCIITests.test_metadata_loads_egg_info" status="run" result="completed" time="0.000500" /><testcase name="test.test_importlib.metadata.test_main.PackagesDistributionsEggTest.test_packages_distributions_on_eggs" status="run" result="completed" time="0.004932" /><testcase name="test.test_importlib.metadata.test_main.PackagesDistributionsPrebuiltTest.test_packages_distributions_example" status="run" result="completed" time="0.001456" /><testcase name="test.test_importlib.metadata.test_main.PackagesDistributionsPrebuiltTest.test_packages_distributions_example2" status="run" result="completed" time="0.001033" /><testcase name="test.test_importlib.metadata.test_main.PackagesDistributionsTest.test_packages_distributions_all_module_types" status="run" result="completed" time="0.004614" /><testcase name="test.test_importlib.metadata.test_main.PackagesDistributionsTest.test_packages_distributions_neither_toplevel_nor_files" status="run" result="completed" time="0.000745" /><testcase name="test.test_importlib.metadata.test_main.PackagesDistributionsTest.test_packages_distributions_symlinked_top_level" status="run" result="completed" time="0.001122" /><testcase name="test.test_importlib.metadata.test_main.TestEntryPoints.test_attr" status="run" result="completed" time="0.000012" /><testcase name="test.test_importlib.metadata.test_main.TestEntryPoints.test_entry_point_pickleable" status="run" result="completed" time="0.000062" /><testcase name="test.test_importlib.metadata.test_main.TestEntryPoints.test_hashable" status="run" result="completed" time="0.000008" /><testcase name="test.test_importlib.metadata.test_main.TestEntryPoints.test_immutable" status="run" result="completed" time="0.000018" /><testcase name="test.test_importlib.metadata.test_main.TestEntryPoints.test_module" status="run" result="completed" time="0.000006" /><testcase name="test.test_importlib.metadata.test_main.TestEntryPoints.test_positional_args" status="run" result="completed" time="0.000012" /><testcase name="test.test_importlib.metadata.test_main.TestEntryPoints.test_repr" status="run" result="completed" time="0.000008" /><testcase name="test.test_importlib.metadata.test_main.TestEntryPoints.test_sortable" status="run" result="completed" time="0.000012" /><testcase name="test.test_importlib.metadata.test_zip.TestEgg.test_case_insensitive" status="run" result="completed" time="0.000495" /><testcase name="test.test_importlib.metadata.test_zip.TestEgg.test_files" status="run" result="completed" time="0.000197" /><testcase name="test.test_importlib.metadata.test_zip.TestEgg.test_missing_metadata" status="run" result="completed" time="0.000117" /><testcase name="test.test_importlib.metadata.test_zip.TestEgg.test_normalized_name" status="run" result="completed" time="0.000165" /><testcase name="test.test_importlib.metadata.test_zip.TestEgg.test_one_distribution" status="run" result="completed" time="0.000058" /><testcase name="test.test_importlib.metadata.test_zip.TestEgg.test_zip_entry_points" status="run" result="completed" time="0.000311" /><testcase name="test.test_importlib.metadata.test_zip.TestEgg.test_zip_version" status="run" result="completed" time="0.000163" /><testcase name="test.test_importlib.metadata.test_zip.TestEgg.test_zip_version_does_not_match" status="run" result="completed" time="0.000103" /><testcase name="test.test_importlib.metadata.test_zip.TestZip.test_case_insensitive" status="run" result="completed" time="0.000146" /><testcase name="test.test_importlib.metadata.test_zip.TestZip.test_files" status="run" result="completed" time="0.000169" /><testcase name="test.test_importlib.metadata.test_zip.TestZip.test_missing_metadata" status="run" result="completed" time="0.000098" /><testcase name="test.test_importlib.metadata.test_zip.TestZip.test_one_distribution" status="run" result="completed" time="0.000040" /><testcase name="test.test_importlib.metadata.test_zip.TestZip.test_zip_entry_points" status="run" result="completed" time="0.000193" /><testcase name="test.test_importlib.metadata.test_zip.TestZip.test_zip_version" status="run" result="completed" time="0.000141" /><testcase name="test.test_importlib.metadata.test_zip.TestZip.test_zip_version_does_not_match" status="run" result="completed" time="0.000080" /><testcase name="test.test_importlib.resources.test_compatibilty_files.CompatibilityFilesNoReaderTests.test_spec_path_joinpath" status="run" result="completed" time="0.000037" /><testcase name="test.test_importlib.resources.test_compatibilty_files.CompatibilityFilesTests.test_child_path_is" status="run" result="completed" time="0.000035" /><testcase name="test.test_importlib.resources.test_compatibilty_files.CompatibilityFilesTests.test_child_path_iter" status="run" result="completed" time="0.000016" /><testcase name="test.test_importlib.resources.test_compatibilty_files.CompatibilityFilesTests.test_child_path_name" status="run" result="completed" time="0.000013" /><testcase name="test.test_importlib.resources.test_compatibilty_files.CompatibilityFilesTests.test_child_path_open" status="run" result="completed" time="0.000026" /><testcase name="test.test_importlib.resources.test_compatibilty_files.CompatibilityFilesTests.test_open_invalid_mode" status="run" result="completed" time="0.000016" /><testcase name="test.test_importlib.resources.test_compatibilty_files.CompatibilityFilesTests.test_orphan_path_invalid" status="run" result="completed" time="0.000009" /><testcase name="test.test_importlib.resources.test_compatibilty_files.CompatibilityFilesTests.test_orphan_path_is" status="run" result="completed" time="0.000027" /><testcase name="test.test_importlib.resources.test_compatibilty_files.CompatibilityFilesTests.test_orphan_path_iter" status="run" result="completed" time="0.000018" /><testcase name="test.test_importlib.resources.test_compatibilty_files.CompatibilityFilesTests.test_orphan_path_name" status="run" result="completed" time="0.000017" /><testcase name="test.test_importlib.resources.test_compatibilty_files.CompatibilityFilesTests.test_orphan_path_open" status="run" result="completed" time="0.000022" /><testcase name="test.test_importlib.resources.test_compatibilty_files.CompatibilityFilesTests.test_spec_path_is" status="run" result="completed" time="0.000014" /><testcase name="test.test_importlib.resources.test_compatibilty_files.CompatibilityFilesTests.test_spec_path_iter" status="run" result="completed" time="0.000016" /><testcase name="test.test_importlib.resources.test_compatibilty_files.CompatibilityFilesTests.test_spec_path_name" status="run" result="completed" time="0.000011" /><testcase name="test.test_importlib.resources.test_compatibilty_files.CompatibilityFilesTests.test_spec_path_open" status="run" result="completed" time="0.000021" /><testcase name="test.test_importlib.resources.test_compatibilty_files.CompatibilityFilesTests.test_wrap_spec" status="run" result="completed" time="0.000009" /><testcase name="test.test_importlib.resources.test_contents.ContentsDiskTests.test_contents" status="run" result="completed" time="0.001634" /><testcase name="test.test_importlib.resources.test_contents.ContentsNamespaceTests.test_contents" status="run" result="completed" time="0.000952" /><testcase name="test.test_importlib.resources.test_contents.ContentsZipTests.test_contents" status="run" result="completed" time="0.000831" /><testcase name="test.test_importlib.resources.test_custom.CustomTraversableResourcesTests.test_custom_loader" status="run" result="completed" time="0.000175" /><testcase name="test.test_importlib.resources.test_files.ImplicitContextFilesDiskTests.test_implicit_files_package" status="run" result="completed" time="0.012429" /><testcase name="test.test_importlib.resources.test_files.ImplicitContextFilesDiskTests.test_implicit_files_submodule" status="run" result="completed" time="0.007873" /><testcase name="test.test_importlib.resources.test_files.ImplicitContextFilesDiskTests.test_implicit_files_with_compiled_importlib" status="run" result="completed" time="0.012187" /><testcase name="test.test_importlib.resources.test_files.ImplicitContextFilesZipTests.test_implicit_files_package" status="run" result="completed" time="0.003401" /><testcase name="test.test_importlib.resources.test_files.ImplicitContextFilesZipTests.test_implicit_files_submodule" status="run" result="completed" time="0.007222" /><testcase name="test.test_importlib.resources.test_files.ImplicitContextFilesZipTests.test_implicit_files_with_compiled_importlib" status="run" result="completed" time="0.010243" /><testcase name="test.test_importlib.resources.test_files.ModuleFilesDiskTests.test_module_resources" status="run" result="completed" time="0.000863" /><testcase name="test.test_importlib.resources.test_files.ModuleFilesZipTests.test_module_resources" status="run" result="completed" time="0.000568" /><testcase name="test.test_importlib.resources.test_files.OpenDiskTests.test_joinpath_with_multiple_args" status="run" result="completed" time="0.001390" /><testcase name="test.test_importlib.resources.test_files.OpenDiskTests.test_old_parameter" status="run" result="completed" time="0.001380" /><testcase name="test.test_importlib.resources.test_files.OpenDiskTests.test_read_bytes" status="run" result="completed" time="0.001384" /><testcase name="test.test_importlib.resources.test_files.OpenDiskTests.test_read_text" status="run" result="completed" time="0.001339" /><testcase name="test.test_importlib.resources.test_files.OpenDiskTests.test_traversable" status="run" result="completed" time="0.001342" /><testcase name="test.test_importlib.resources.test_files.OpenNamespaceTests.test_joinpath_with_multiple_args" status="run" result="completed" time="0.001009" /><testcase name="test.test_importlib.resources.test_files.OpenNamespaceTests.test_non_paths_in_dunder_path" status="run" result="completed" time="0.000914" /><testcase name="test.test_importlib.resources.test_files.OpenNamespaceTests.test_old_parameter" status="run" result="completed" time="0.000866" /><testcase name="test.test_importlib.resources.test_files.OpenNamespaceTests.test_read_bytes" status="run" result="completed" time="0.000957" /><testcase name="test.test_importlib.resources.test_files.OpenNamespaceTests.test_read_text" status="run" result="completed" time="0.000907" /><testcase name="test.test_importlib.resources.test_files.OpenNamespaceTests.test_traversable" status="run" result="completed" time="0.000894" /><testcase name="test.test_importlib.resources.test_files.OpenNamespaceZipTests.test_joinpath_with_multiple_args" status="run" result="completed" time="0.000723" /><testcase name="test.test_importlib.resources.test_files.OpenNamespaceZipTests.test_old_parameter" status="run" result="completed" time="0.000621" /><testcase name="test.test_importlib.resources.test_files.OpenNamespaceZipTests.test_read_bytes" status="run" result="completed" time="0.000677" /><testcase name="test.test_importlib.resources.test_files.OpenNamespaceZipTests.test_read_text" status="run" result="completed" time="0.000671" /><testcase name="test.test_importlib.resources.test_files.OpenNamespaceZipTests.test_traversable" status="run" result="completed" time="0.000579" /><testcase name="test.test_importlib.resources.test_files.OpenZipTests.test_joinpath_with_multiple_args" status="run" result="completed" time="0.000610" /><testcase name="test.test_importlib.resources.test_files.OpenZipTests.test_old_parameter" status="run" result="completed" time="0.000630" /><testcase name="test.test_importlib.resources.test_files.OpenZipTests.test_read_bytes" status="run" result="completed" time="0.000610" /><testcase name="test.test_importlib.resources.test_files.OpenZipTests.test_read_text" status="run" result="completed" time="0.000721" /><testcase name="test.test_importlib.resources.test_files.OpenZipTests.test_traversable" status="run" result="completed" time="0.000688" /><testcase name="test.test_importlib.resources.test_functional.FunctionalAPITest_ModuleAnchor.test_common_errors" status="run" result="completed" time="0.004082" /><testcase name="test.test_importlib.resources.test_functional.FunctionalAPITest_ModuleAnchor.test_contents" status="run" result="completed" time="0.004041" /><testcase name="test.test_importlib.resources.test_functional.FunctionalAPITest_ModuleAnchor.test_is_resource" status="run" result="completed" time="0.003911" /><testcase name="test.test_importlib.resources.test_functional.FunctionalAPITest_ModuleAnchor.test_open_binary" status="run" result="completed" time="0.003374" /><testcase name="test.test_importlib.resources.test_functional.FunctionalAPITest_ModuleAnchor.test_open_text" status="run" result="completed" time="0.003504" /><testcase name="test.test_importlib.resources.test_functional.FunctionalAPITest_ModuleAnchor.test_path" status="run" result="completed" time="0.003018" /><testcase name="test.test_importlib.resources.test_functional.FunctionalAPITest_ModuleAnchor.test_read_binary" status="run" result="completed" time="0.003020" /><testcase name="test.test_importlib.resources.test_functional.FunctionalAPITest_ModuleAnchor.test_read_text" status="run" result="completed" time="0.003217" /><testcase name="test.test_importlib.resources.test_functional.FunctionalAPITest_ModuleAnchor.test_text_errors" status="run" result="completed" time="0.003201" /><testcase name="test.test_importlib.resources.test_functional.FunctionalAPITest_StringAnchor.test_common_errors" status="run" result="completed" time="0.003538" /><testcase name="test.test_importlib.resources.test_functional.FunctionalAPITest_StringAnchor.test_contents" status="run" result="completed" time="0.003128" /><testcase name="test.test_importlib.resources.test_functional.FunctionalAPITest_StringAnchor.test_is_resource" status="run" result="completed" time="0.003649" /><testcase name="test.test_importlib.resources.test_functional.FunctionalAPITest_StringAnchor.test_open_binary" status="run" result="completed" time="0.003378" /><testcase name="test.test_importlib.resources.test_functional.FunctionalAPITest_StringAnchor.test_open_text" status="run" result="completed" time="0.003145" /><testcase name="test.test_importlib.resources.test_functional.FunctionalAPITest_StringAnchor.test_path" status="run" result="completed" time="0.002943" /><testcase name="test.test_importlib.resources.test_functional.FunctionalAPITest_StringAnchor.test_read_binary" status="run" result="completed" time="0.003020" /><testcase name="test.test_importlib.resources.test_functional.FunctionalAPITest_StringAnchor.test_read_text" status="run" result="completed" time="0.003260" /><testcase name="test.test_importlib.resources.test_functional.FunctionalAPITest_StringAnchor.test_text_errors" status="run" result="completed" time="0.003409" /><testcase name="test.test_importlib.resources.test_open.CommonBinaryTests.test_extant_path" status="run" result="completed" time="0.001391" /><testcase name="test.test_importlib.resources.test_open.CommonBinaryTests.test_importing_module_as_side_effect" status="run" result="completed" time="0.001372" /><testcase name="test.test_importlib.resources.test_open.CommonBinaryTests.test_missing_path" status="run" result="completed" time="0.001275" /><testcase name="test.test_importlib.resources.test_open.CommonBinaryTests.test_package_name" status="run" result="completed" time="0.001301" /><testcase name="test.test_importlib.resources.test_open.CommonBinaryTests.test_package_object" status="run" result="completed" time="0.001292" /><testcase name="test.test_importlib.resources.test_open.CommonBinaryTests.test_pathlib_path" status="run" result="completed" time="0.001439" /><testcase name="test.test_importlib.resources.test_open.CommonBinaryTests.test_string_path" status="run" result="completed" time="0.001657" /><testcase name="test.test_importlib.resources.test_open.CommonBinaryTests.test_useless_loader" status="run" result="completed" time="0.001642" /><testcase name="test.test_importlib.resources.test_open.CommonTextTests.test_extant_path" status="run" result="completed" time="0.001416" /><testcase name="test.test_importlib.resources.test_open.CommonTextTests.test_importing_module_as_side_effect" status="run" result="completed" time="0.001397" /><testcase name="test.test_importlib.resources.test_open.CommonTextTests.test_missing_path" status="run" result="completed" time="0.001270" /><testcase name="test.test_importlib.resources.test_open.CommonTextTests.test_package_name" status="run" result="completed" time="0.001380" /><testcase name="test.test_importlib.resources.test_open.CommonTextTests.test_package_object" status="run" result="completed" time="0.001335" /><testcase name="test.test_importlib.resources.test_open.CommonTextTests.test_pathlib_path" status="run" result="completed" time="0.001336" /><testcase name="test.test_importlib.resources.test_open.CommonTextTests.test_string_path" status="run" result="completed" time="0.001312" /><testcase name="test.test_importlib.resources.test_open.CommonTextTests.test_useless_loader" status="run" result="completed" time="0.001279" /><testcase name="test.test_importlib.resources.test_open.OpenDiskNamespaceTests.test_open_binary" status="run" result="completed" time="0.000969" /><testcase name="test.test_importlib.resources.test_open.OpenDiskNamespaceTests.test_open_binary_FileNotFoundError" status="run" result="completed" time="0.000967" /><testcase name="test.test_importlib.resources.test_open.OpenDiskNamespaceTests.test_open_text_FileNotFoundError" status="run" result="completed" time="0.001066" /><testcase name="test.test_importlib.resources.test_open.OpenDiskNamespaceTests.test_open_text_default_encoding" status="run" result="completed" time="0.001039" /><testcase name="test.test_importlib.resources.test_open.OpenDiskNamespaceTests.test_open_text_given_encoding" status="run" result="completed" time="0.001384" /><testcase name="test.test_importlib.resources.test_open.OpenDiskNamespaceTests.test_open_text_with_errors" status="run" result="completed" time="0.001012" /><testcase name="test.test_importlib.resources.test_open.OpenDiskTests.test_open_binary" status="run" result="completed" time="0.001356" /><testcase name="test.test_importlib.resources.test_open.OpenDiskTests.test_open_binary_FileNotFoundError" status="run" result="completed" time="0.001297" /><testcase name="test.test_importlib.resources.test_open.OpenDiskTests.test_open_text_FileNotFoundError" status="run" result="completed" time="0.001307" /><testcase name="test.test_importlib.resources.test_open.OpenDiskTests.test_open_text_default_encoding" status="run" result="completed" time="0.001284" /><testcase name="test.test_importlib.resources.test_open.OpenDiskTests.test_open_text_given_encoding" status="run" result="completed" time="0.001320" /><testcase name="test.test_importlib.resources.test_open.OpenDiskTests.test_open_text_with_errors" status="run" result="completed" time="0.001324" /><testcase name="test.test_importlib.resources.test_open.OpenNamespaceZipTests.test_open_binary" status="run" result="completed" time="0.000705" /><testcase name="test.test_importlib.resources.test_open.OpenNamespaceZipTests.test_open_binary_FileNotFoundError" status="run" result="completed" time="0.000592" /><testcase name="test.test_importlib.resources.test_open.OpenNamespaceZipTests.test_open_text_FileNotFoundError" status="run" result="completed" time="0.000566" /><testcase name="test.test_importlib.resources.test_open.OpenNamespaceZipTests.test_open_text_default_encoding" status="run" result="completed" time="0.000604" /><testcase name="test.test_importlib.resources.test_open.OpenNamespaceZipTests.test_open_text_given_encoding" status="run" result="completed" time="0.000623" /><testcase name="test.test_importlib.resources.test_open.OpenNamespaceZipTests.test_open_text_with_errors" status="run" result="completed" time="0.000612" /><testcase name="test.test_importlib.resources.test_open.OpenZipTests.test_open_binary" status="run" result="completed" time="0.000724" /><testcase name="test.test_importlib.resources.test_open.OpenZipTests.test_open_binary_FileNotFoundError" status="run" result="completed" time="0.000744" /><testcase name="test.test_importlib.resources.test_open.OpenZipTests.test_open_text_FileNotFoundError" status="run" result="completed" time="0.000727" /><testcase name="test.test_importlib.resources.test_open.OpenZipTests.test_open_text_default_encoding" status="run" result="completed" time="0.000705" /><testcase name="test.test_importlib.resources.test_open.OpenZipTests.test_open_text_given_encoding" status="run" result="completed" time="0.000743" /><testcase name="test.test_importlib.resources.test_open.OpenZipTests.test_open_text_with_errors" status="run" result="completed" time="0.000742" /><testcase name="test.test_importlib.resources.test_path.CommonTests.test_extant_path" status="run" result="completed" time="0.001771" /><testcase name="test.test_importlib.resources.test_path.CommonTests.test_importing_module_as_side_effect" status="run" result="completed" time="0.001479" /><testcase name="test.test_importlib.resources.test_path.CommonTests.test_missing_path" status="run" result="completed" time="0.001459" /><testcase name="test.test_importlib.resources.test_path.CommonTests.test_package_name" status="run" result="completed" time="0.001357" /><testcase name="test.test_importlib.resources.test_path.CommonTests.test_package_object" status="run" result="completed" time="0.001343" /><testcase name="test.test_importlib.resources.test_path.CommonTests.test_pathlib_path" status="run" result="completed" time="0.001282" /><testcase name="test.test_importlib.resources.test_path.CommonTests.test_string_path" status="run" result="completed" time="0.001292" /><testcase name="test.test_importlib.resources.test_path.CommonTests.test_useless_loader" status="run" result="completed" time="0.001394" /><testcase name="test.test_importlib.resources.test_path.PathDiskTests.test_natural_path" status="run" result="completed" time="0.001369" /><testcase name="test.test_importlib.resources.test_path.PathDiskTests.test_reading" status="run" result="completed" time="0.001566" /><testcase name="test.test_importlib.resources.test_path.PathMemoryTests.test_reading" status="run" result="completed" time="0.000184" /><testcase name="test.test_importlib.resources.test_path.PathZipTests.test_reading" status="run" result="completed" time="0.000896" /><testcase name="test.test_importlib.resources.test_path.PathZipTests.test_remove_in_context_manager" status="run" result="completed" time="0.000862" /><testcase name="test.test_importlib.resources.test_read.CommonBinaryTests.test_extant_path" status="run" result="completed" time="0.001392" /><testcase name="test.test_importlib.resources.test_read.CommonBinaryTests.test_importing_module_as_side_effect" status="run" result="completed" time="0.001347" /><testcase name="test.test_importlib.resources.test_read.CommonBinaryTests.test_missing_path" status="run" result="completed" time="0.001289" /><testcase name="test.test_importlib.resources.test_read.CommonBinaryTests.test_package_name" status="run" result="completed" time="0.001300" /><testcase name="test.test_importlib.resources.test_read.CommonBinaryTests.test_package_object" status="run" result="completed" time="0.001291" /><testcase name="test.test_importlib.resources.test_read.CommonBinaryTests.test_pathlib_path" status="run" result="completed" time="0.001279" /><testcase name="test.test_importlib.resources.test_read.CommonBinaryTests.test_string_path" status="run" result="completed" time="0.001256" /><testcase name="test.test_importlib.resources.test_read.CommonBinaryTests.test_useless_loader" status="run" result="completed" time="0.001327" /><testcase name="test.test_importlib.resources.test_read.CommonTextTests.test_extant_path" status="run" result="completed" time="0.001375" /><testcase name="test.test_importlib.resources.test_read.CommonTextTests.test_importing_module_as_side_effect" status="run" result="completed" time="0.001646" /><testcase name="test.test_importlib.resources.test_read.CommonTextTests.test_missing_path" status="run" result="completed" time="0.001624" /><testcase name="test.test_importlib.resources.test_read.CommonTextTests.test_package_name" status="run" result="completed" time="0.001548" /><testcase name="test.test_importlib.resources.test_read.CommonTextTests.test_package_object" status="run" result="completed" time="0.001276" /><testcase name="test.test_importlib.resources.test_read.CommonTextTests.test_pathlib_path" status="run" result="completed" time="0.001263" /><testcase name="test.test_importlib.resources.test_read.CommonTextTests.test_string_path" status="run" result="completed" time="0.001304" /><testcase name="test.test_importlib.resources.test_read.CommonTextTests.test_useless_loader" status="run" result="completed" time="0.001253" /><testcase name="test.test_importlib.resources.test_read.ReadDiskTests.test_read_bytes" status="run" result="completed" time="0.001276" /><testcase name="test.test_importlib.resources.test_read.ReadDiskTests.test_read_text_default_encoding" status="run" result="completed" time="0.001716" /><testcase name="test.test_importlib.resources.test_read.ReadDiskTests.test_read_text_given_encoding" status="run" result="completed" time="0.001565" /><testcase name="test.test_importlib.resources.test_read.ReadDiskTests.test_read_text_with_errors" status="run" result="completed" time="0.001569" /><testcase name="test.test_importlib.resources.test_read.ReadNamespaceTests.test_read_bytes" status="run" result="completed" time="0.000962" /><testcase name="test.test_importlib.resources.test_read.ReadNamespaceTests.test_read_text_default_encoding" status="run" result="completed" time="0.000902" /><testcase name="test.test_importlib.resources.test_read.ReadNamespaceTests.test_read_text_given_encoding" status="run" result="completed" time="0.000888" /><testcase name="test.test_importlib.resources.test_read.ReadNamespaceTests.test_read_text_with_errors" status="run" result="completed" time="0.000923" /><testcase name="test.test_importlib.resources.test_read.ReadNamespaceZipTests.test_read_bytes" status="run" result="completed" time="0.000663" /><testcase name="test.test_importlib.resources.test_read.ReadNamespaceZipTests.test_read_submodule_resource" status="run" result="completed" time="0.000637" /><testcase name="test.test_importlib.resources.test_read.ReadNamespaceZipTests.test_read_submodule_resource_by_name" status="run" result="completed" time="0.000601" /><testcase name="test.test_importlib.resources.test_read.ReadNamespaceZipTests.test_read_text_default_encoding" status="run" result="completed" time="0.000587" /><testcase name="test.test_importlib.resources.test_read.ReadNamespaceZipTests.test_read_text_given_encoding" status="run" result="completed" time="0.000571" /><testcase name="test.test_importlib.resources.test_read.ReadNamespaceZipTests.test_read_text_with_errors" status="run" result="completed" time="0.000611" /><testcase name="test.test_importlib.resources.test_read.ReadZipTests.test_read_bytes" status="run" result="completed" time="0.000641" /><testcase name="test.test_importlib.resources.test_read.ReadZipTests.test_read_submodule_resource" status="run" result="completed" time="0.000695" /><testcase name="test.test_importlib.resources.test_read.ReadZipTests.test_read_submodule_resource_by_name" status="run" result="completed" time="0.000675" /><testcase name="test.test_importlib.resources.test_read.ReadZipTests.test_read_text_default_encoding" status="run" result="completed" time="0.000611" /><testcase name="test.test_importlib.resources.test_read.ReadZipTests.test_read_text_given_encoding" status="run" result="completed" time="0.000632" /><testcase name="test.test_importlib.resources.test_read.ReadZipTests.test_read_text_with_errors" status="run" result="completed" time="0.000623" /><testcase name="test.test_importlib.resources.test_reader.MultiplexedPathTest.test_init_file" status="run" result="completed" time="0.003862" /><testcase name="test.test_importlib.resources.test_reader.MultiplexedPathTest.test_init_no_paths" status="run" result="completed" time="0.004249" /><testcase name="test.test_importlib.resources.test_reader.MultiplexedPathTest.test_is_dir" status="run" result="completed" time="0.004286" /><testcase name="test.test_importlib.resources.test_reader.MultiplexedPathTest.test_is_file" status="run" result="completed" time="0.003718" /><testcase name="test.test_importlib.resources.test_reader.MultiplexedPathTest.test_iterdir" status="run" result="completed" time="0.004229" /><testcase name="test.test_importlib.resources.test_reader.MultiplexedPathTest.test_iterdir_duplicate" status="run" result="completed" time="0.004173" /><testcase name="test.test_importlib.resources.test_reader.MultiplexedPathTest.test_join_path" status="run" result="completed" time="0.004042" /><testcase name="test.test_importlib.resources.test_reader.MultiplexedPathTest.test_join_path_common_subdir" status="run" result="completed" time="0.003947" /><testcase name="test.test_importlib.resources.test_reader.MultiplexedPathTest.test_join_path_compound" status="run" result="completed" time="0.003845" /><testcase name="test.test_importlib.resources.test_reader.MultiplexedPathTest.test_name" status="run" result="completed" time="0.004647" /><testcase name="test.test_importlib.resources.test_reader.MultiplexedPathTest.test_open_file" status="run" result="completed" time="0.003934" /><testcase name="test.test_importlib.resources.test_reader.MultiplexedPathTest.test_repr" status="run" result="completed" time="0.004094" /><testcase name="test.test_importlib.resources.test_reader.NamespaceReaderTest.test_files" status="run" result="completed" time="0.000979" /><testcase name="test.test_importlib.resources.test_reader.NamespaceReaderTest.test_init_error" status="run" result="completed" time="0.000920" /><testcase name="test.test_importlib.resources.test_reader.NamespaceReaderTest.test_resource_path" status="run" result="completed" time="0.000929" /><testcase name="test.test_importlib.resources.test_resource.DeletingZipsTest.test_as_file_does_not_keep_open" status="run" result="completed" time="0.000004"><skipped>Desired but not supported.</skipped></testcase><testcase name="test.test_importlib.resources.test_resource.DeletingZipsTest.test_entered_path_does_not_keep_open" status="run" result="completed" time="0.000829" /><testcase name="test.test_importlib.resources.test_resource.DeletingZipsTest.test_is_file_does_not_keep_open" status="run" result="completed" time="0.000587" /><testcase name="test.test_importlib.resources.test_resource.DeletingZipsTest.test_is_file_failure_does_not_keep_open" status="run" result="completed" time="0.000604" /><testcase name="test.test_importlib.resources.test_resource.DeletingZipsTest.test_iterdir_does_not_keep_open" status="run" result="completed" time="0.000604" /><testcase name="test.test_importlib.resources.test_resource.DeletingZipsTest.test_read_binary_does_not_keep_open" status="run" result="completed" time="0.000615" /><testcase name="test.test_importlib.resources.test_resource.DeletingZipsTest.test_read_text_does_not_keep_open" status="run" result="completed" time="0.000633" /><testcase name="test.test_importlib.resources.test_resource.ResourceCornerCaseTests.test_package_has_no_reader_fallback" status="run" result="completed" time="0.001335" /><testcase name="test.test_importlib.resources.test_resource.ResourceDiskTests.test_is_dir" status="run" result="completed" time="0.001315" /><testcase name="test.test_importlib.resources.test_resource.ResourceDiskTests.test_is_file_exists" status="run" result="completed" time="0.001285" /><testcase name="test.test_importlib.resources.test_resource.ResourceDiskTests.test_is_file_missing" status="run" result="completed" time="0.001280" /><testcase name="test.test_importlib.resources.test_resource.ResourceFromNamespaceDiskTests.test_is_submodule_resource" status="run" result="completed" time="0.000880" /><testcase name="test.test_importlib.resources.test_resource.ResourceFromNamespaceDiskTests.test_read_submodule_resource_by_name" status="run" result="completed" time="0.000914" /><testcase name="test.test_importlib.resources.test_resource.ResourceFromNamespaceDiskTests.test_submodule_contents" status="run" result="completed" time="0.000844" /><testcase name="test.test_importlib.resources.test_resource.ResourceFromNamespaceDiskTests.test_submodule_contents_by_name" status="run" result="completed" time="0.000889" /><testcase name="test.test_importlib.resources.test_resource.ResourceFromNamespaceDiskTests.test_submodule_sub_contents" status="run" result="completed" time="0.000908" /><testcase name="test.test_importlib.resources.test_resource.ResourceFromNamespaceDiskTests.test_submodule_sub_contents_by_name" status="run" result="completed" time="0.000907" /><testcase name="test.test_importlib.resources.test_resource.ResourceFromNamespaceZipTests.test_is_submodule_resource" status="run" result="completed" time="0.000660" /><testcase name="test.test_importlib.resources.test_resource.ResourceFromNamespaceZipTests.test_read_submodule_resource_by_name" status="run" result="completed" time="0.000570" /><testcase name="test.test_importlib.resources.test_resource.ResourceFromNamespaceZipTests.test_submodule_contents" status="run" result="completed" time="0.000582" /><testcase name="test.test_importlib.resources.test_resource.ResourceFromNamespaceZipTests.test_submodule_contents_by_name" status="run" result="completed" time="0.000544" /><testcase name="test.test_importlib.resources.test_resource.ResourceFromNamespaceZipTests.test_submodule_sub_contents" status="run" result="completed" time="0.000570" /><testcase name="test.test_importlib.resources.test_resource.ResourceFromNamespaceZipTests.test_submodule_sub_contents_by_name" status="run" result="completed" time="0.000560" /><testcase name="test.test_importlib.resources.test_resource.ResourceFromZipsTest01.test_as_file_directory" status="run" result="completed" time="0.001742" /><testcase name="test.test_importlib.resources.test_resource.ResourceFromZipsTest01.test_is_submodule_resource" status="run" result="completed" time="0.000838" /><testcase name="test.test_importlib.resources.test_resource.ResourceFromZipsTest01.test_read_submodule_resource_by_name" status="run" result="completed" time="0.000776" /><testcase name="test.test_importlib.resources.test_resource.ResourceFromZipsTest01.test_submodule_contents" status="run" result="completed" time="0.000858" /><testcase name="test.test_importlib.resources.test_resource.ResourceFromZipsTest01.test_submodule_contents_by_name" status="run" result="completed" time="0.000834" /><testcase name="test.test_importlib.resources.test_resource.ResourceFromZipsTest02.test_unrelated_contents" status="run" result="completed" time="0.001013" /><testcase name="test.test_importlib.resources.test_resource.ResourceLoaderTests.test_is_dir" status="run" result="completed" time="0.001746" /><testcase name="test.test_importlib.resources.test_resource.ResourceLoaderTests.test_is_file" status="run" result="completed" time="0.001396" /><testcase name="test.test_importlib.resources.test_resource.ResourceLoaderTests.test_resource_contents" status="run" result="completed" time="0.001285" /><testcase name="test.test_importlib.resources.test_resource.ResourceLoaderTests.test_resource_missing" status="run" result="completed" time="0.001293" /><testcase name="test.test_importlib.resources.test_resource.ResourceZipTests.test_is_dir" status="run" result="completed" time="0.000638" /><testcase name="test.test_importlib.resources.test_resource.ResourceZipTests.test_is_file_exists" status="run" result="completed" time="0.000592" /><testcase name="test.test_importlib.resources.test_resource.ResourceZipTests.test_is_file_missing" status="run" result="completed" time="0.000610" /><testcase name="test.test_importlib.source.test_case_sensitivity.Frozen_CaseSensitivityTestPEP451.test_insensitive" status="run" result="completed" time="0.000004"><skipped>ignore_environment flag was set</skipped></testcase><testcase name="test.test_importlib.source.test_case_sensitivity.Frozen_CaseSensitivityTestPEP451.test_sensitive" status="run" result="completed" time="0.000002"><skipped>ignore_environment flag was set</skipped></testcase><testcase name="test.test_importlib.source.test_case_sensitivity.Source_CaseSensitivityTestPEP451.test_insensitive" status="run" result="completed" time="0.000002"><skipped>ignore_environment flag was set</skipped></testcase><testcase name="test.test_importlib.source.test_case_sensitivity.Source_CaseSensitivityTestPEP451.test_sensitive" status="run" result="completed" time="0.000002"><skipped>ignore_environment flag was set</skipped></testcase><testcase name="test.test_importlib.source.test_file_loader.Frozen_SimpleTest.test_bad_syntax" status="run" result="completed" time="0.000386" /><testcase name="test.test_importlib.source.test_file_loader.Frozen_SimpleTest.test_checked_hash_based_pyc" status="run" result="completed" time="0.001109" /><testcase name="test.test_importlib.source.test_file_loader.Frozen_SimpleTest.test_equality" status="run" result="completed" time="0.000015" /><testcase name="test.test_importlib.source.test_file_loader.Frozen_SimpleTest.test_file_from_empty_string_dir" status="run" result="completed" time="0.000413" /><testcase name="test.test_importlib.source.test_file_loader.Frozen_SimpleTest.test_get_filename_API" status="run" result="completed" time="0.000049" /><testcase name="test.test_importlib.source.test_file_loader.Frozen_SimpleTest.test_inequality" status="run" result="completed" time="0.000010" /><testcase name="test.test_importlib.source.test_file_loader.Frozen_SimpleTest.test_lacking_parent" status="run" result="completed" time="0.000922" /><testcase name="test.test_importlib.source.test_file_loader.Frozen_SimpleTest.test_load_module_API" status="run" result="completed" time="0.000067" /><testcase name="test.test_importlib.source.test_file_loader.Frozen_SimpleTest.test_module" status="run" result="completed" time="0.000670" /><testcase name="test.test_importlib.source.test_file_loader.Frozen_SimpleTest.test_module_reuse" status="run" result="completed" time="0.001000" /><testcase name="test.test_importlib.source.test_file_loader.Frozen_SimpleTest.test_overridden_checked_hash_based_pyc" status="run" result="completed" time="0.000993" /><testcase name="test.test_importlib.source.test_file_loader.Frozen_SimpleTest.test_overridden_unchecked_hash_based_pyc" status="run" result="completed" time="0.001042" /><testcase name="test.test_importlib.source.test_file_loader.Frozen_SimpleTest.test_package" status="run" result="completed" time="0.000729" /><testcase name="test.test_importlib.source.test_file_loader.Frozen_SimpleTest.test_state_after_failure" status="run" result="completed" time="0.000413" /><testcase name="test.test_importlib.source.test_file_loader.Frozen_SimpleTest.test_timestamp_overflow" status="run" result="completed" time="0.000803" /><testcase name="test.test_importlib.source.test_file_loader.Frozen_SimpleTest.test_unchecked_hash_based_pyc" status="run" result="completed" time="0.000663" /><testcase name="test.test_importlib.source.test_file_loader.Frozen_SimpleTest.test_unloadable" status="run" result="completed" time="0.000026" /><testcase name="test.test_importlib.source.test_file_loader.Frozen_SourceLoaderBadBytecodeTestPEP302.test_bad_magic" status="run" result="completed" time="0.000800" /><testcase name="test.test_importlib.source.test_file_loader.Frozen_SourceLoaderBadBytecodeTestPEP302.test_bad_marshal" status="run" result="completed" time="0.000625" /><testcase name="test.test_importlib.source.test_file_loader.Frozen_SourceLoaderBadBytecodeTestPEP302.test_empty_file" status="run" result="completed" time="0.000792" /><testcase name="test.test_importlib.source.test_file_loader.Frozen_SourceLoaderBadBytecodeTestPEP302.test_magic_only" status="run" result="completed" time="0.000794" /><testcase name="test.test_importlib.source.test_file_loader.Frozen_SourceLoaderBadBytecodeTestPEP302.test_no_marshal" status="run" result="completed" time="0.000603" /><testcase name="test.test_importlib.source.test_file_loader.Frozen_SourceLoaderBadBytecodeTestPEP302.test_non_code_marshal" status="run" result="completed" time="0.000632" /><testcase name="test.test_importlib.source.test_file_loader.Frozen_SourceLoaderBadBytecodeTestPEP302.test_old_timestamp" status="run" result="completed" time="0.000802" /><testcase name="test.test_importlib.source.test_file_loader.Frozen_SourceLoaderBadBytecodeTestPEP302.test_partial_flags" status="run" result="completed" time="0.000779" /><testcase name="test.test_importlib.source.test_file_loader.Frozen_SourceLoaderBadBytecodeTestPEP302.test_partial_hash" status="run" result="completed" time="0.001582" /><testcase name="test.test_importlib.source.test_file_loader.Frozen_SourceLoaderBadBytecodeTestPEP302.test_partial_magic" status="run" result="completed" time="0.000792" /><testcase name="test.test_importlib.source.test_file_loader.Frozen_SourceLoaderBadBytecodeTestPEP302.test_partial_size" status="run" result="completed" time="0.000792" /><testcase name="test.test_importlib.source.test_file_loader.Frozen_SourceLoaderBadBytecodeTestPEP302.test_partial_timestamp" status="run" result="completed" time="0.000797" /><testcase name="test.test_importlib.source.test_file_loader.Frozen_SourceLoaderBadBytecodeTestPEP302.test_read_only_bytecode" status="run" result="completed" time="0.000799" /><testcase name="test.test_importlib.source.test_file_loader.Frozen_SourceLoaderBadBytecodeTestPEP451.test_bad_magic" status="run" result="completed" time="0.000777" /><testcase name="test.test_importlib.source.test_file_loader.Frozen_SourceLoaderBadBytecodeTestPEP451.test_bad_marshal" status="run" result="completed" time="0.000582" /><testcase name="test.test_importlib.source.test_file_loader.Frozen_SourceLoaderBadBytecodeTestPEP451.test_empty_file" status="run" result="completed" time="0.000743" /><testcase name="test.test_importlib.source.test_file_loader.Frozen_SourceLoaderBadBytecodeTestPEP451.test_magic_only" status="run" result="completed" time="0.000749" /><testcase name="test.test_importlib.source.test_file_loader.Frozen_SourceLoaderBadBytecodeTestPEP451.test_no_marshal" status="run" result="completed" time="0.000606" /><testcase name="test.test_importlib.source.test_file_loader.Frozen_SourceLoaderBadBytecodeTestPEP451.test_non_code_marshal" status="run" result="completed" time="0.000609" /><testcase name="test.test_importlib.source.test_file_loader.Frozen_SourceLoaderBadBytecodeTestPEP451.test_old_timestamp" status="run" result="completed" time="0.000763" /><testcase name="test.test_importlib.source.test_file_loader.Frozen_SourceLoaderBadBytecodeTestPEP451.test_partial_flags" status="run" result="completed" time="0.000781" /><testcase name="test.test_importlib.source.test_file_loader.Frozen_SourceLoaderBadBytecodeTestPEP451.test_partial_hash" status="run" result="completed" time="0.001544" /><testcase name="test.test_importlib.source.test_file_loader.Frozen_SourceLoaderBadBytecodeTestPEP451.test_partial_magic" status="run" result="completed" time="0.000765" /><testcase name="test.test_importlib.source.test_file_loader.Frozen_SourceLoaderBadBytecodeTestPEP451.test_partial_size" status="run" result="completed" time="0.001001" /><testcase name="test.test_importlib.source.test_file_loader.Frozen_SourceLoaderBadBytecodeTestPEP451.test_partial_timestamp" status="run" result="completed" time="0.001102" /><testcase name="test.test_importlib.source.test_file_loader.Frozen_SourceLoaderBadBytecodeTestPEP451.test_read_only_bytecode" status="run" result="completed" time="0.001096" /><testcase name="test.test_importlib.source.test_file_loader.Frozen_SourcelessLoaderBadBytecodeTestPEP302.test_bad_magic" status="run" result="completed" time="0.000836" /><testcase name="test.test_importlib.source.test_file_loader.Frozen_SourcelessLoaderBadBytecodeTestPEP302.test_empty_file" status="run" result="completed" time="0.000992" /><testcase name="test.test_importlib.source.test_file_loader.Frozen_SourcelessLoaderBadBytecodeTestPEP302.test_magic_only" status="run" result="completed" time="0.001000" /><testcase name="test.test_importlib.source.test_file_loader.Frozen_SourcelessLoaderBadBytecodeTestPEP302.test_no_marshal" status="run" result="completed" time="0.000858" /><testcase name="test.test_importlib.source.test_file_loader.Frozen_SourcelessLoaderBadBytecodeTestPEP302.test_non_code_marshal" status="run" result="completed" time="0.000827" /><testcase name="test.test_importlib.source.test_file_loader.Frozen_SourcelessLoaderBadBytecodeTestPEP302.test_partial_flags" status="run" result="completed" time="0.000768" /><testcase name="test.test_importlib.source.test_file_loader.Frozen_SourcelessLoaderBadBytecodeTestPEP302.test_partial_hash" status="run" result="completed" time="0.001310" /><testcase name="test.test_importlib.source.test_file_loader.Frozen_SourcelessLoaderBadBytecodeTestPEP302.test_partial_magic" status="run" result="completed" time="0.000672" /><testcase name="test.test_importlib.source.test_file_loader.Frozen_SourcelessLoaderBadBytecodeTestPEP302.test_partial_size" status="run" result="completed" time="0.000659" /><testcase name="test.test_importlib.source.test_file_loader.Frozen_SourcelessLoaderBadBytecodeTestPEP302.test_partial_timestamp" status="run" result="completed" time="0.000636" /><testcase name="test.test_importlib.source.test_file_loader.Frozen_SourcelessLoaderBadBytecodeTestPEP451.test_bad_magic" status="run" result="completed" time="0.000585" /><testcase name="test.test_importlib.source.test_file_loader.Frozen_SourcelessLoaderBadBytecodeTestPEP451.test_empty_file" status="run" result="completed" time="0.000610" /><testcase name="test.test_importlib.source.test_file_loader.Frozen_SourcelessLoaderBadBytecodeTestPEP451.test_magic_only" status="run" result="completed" time="0.000628" /><testcase name="test.test_importlib.source.test_file_loader.Frozen_SourcelessLoaderBadBytecodeTestPEP451.test_no_marshal" status="run" result="completed" time="0.000628" /><testcase name="test.test_importlib.source.test_file_loader.Frozen_SourcelessLoaderBadBytecodeTestPEP451.test_non_code_marshal" status="run" result="completed" time="0.000653" /><testcase name="test.test_importlib.source.test_file_loader.Frozen_SourcelessLoaderBadBytecodeTestPEP451.test_partial_flags" status="run" result="completed" time="0.000616" /><testcase name="test.test_importlib.source.test_file_loader.Frozen_SourcelessLoaderBadBytecodeTestPEP451.test_partial_hash" status="run" result="completed" time="0.001283" /><testcase name="test.test_importlib.source.test_file_loader.Frozen_SourcelessLoaderBadBytecodeTestPEP451.test_partial_magic" status="run" result="completed" time="0.000624" /><testcase name="test.test_importlib.source.test_file_loader.Frozen_SourcelessLoaderBadBytecodeTestPEP451.test_partial_size" status="run" result="completed" time="0.000626" /><testcase name="test.test_importlib.source.test_file_loader.Frozen_SourcelessLoaderBadBytecodeTestPEP451.test_partial_timestamp" status="run" result="completed" time="0.000627" /><testcase name="test.test_importlib.source.test_file_loader.SourceDateEpoch_SimpleTest.test_bad_syntax" status="run" result="completed" time="0.000431" /><testcase name="test.test_importlib.source.test_file_loader.SourceDateEpoch_SimpleTest.test_checked_hash_based_pyc" status="run" result="completed" time="0.000931" /><testcase name="test.test_importlib.source.test_file_loader.SourceDateEpoch_SimpleTest.test_equality" status="run" result="completed" time="0.000019" /><testcase name="test.test_importlib.source.test_file_loader.SourceDateEpoch_SimpleTest.test_file_from_empty_string_dir" status="run" result="completed" time="0.000374" /><testcase name="test.test_importlib.source.test_file_loader.SourceDateEpoch_SimpleTest.test_get_filename_API" status="run" result="completed" time="0.000049" /><testcase name="test.test_importlib.source.test_file_loader.SourceDateEpoch_SimpleTest.test_inequality" status="run" result="completed" time="0.000015" /><testcase name="test.test_importlib.source.test_file_loader.SourceDateEpoch_SimpleTest.test_lacking_parent" status="run" result="completed" time="0.000775" /><testcase name="test.test_importlib.source.test_file_loader.SourceDateEpoch_SimpleTest.test_load_module_API" status="run" result="completed" time="0.000090" /><testcase name="test.test_importlib.source.test_file_loader.SourceDateEpoch_SimpleTest.test_module" status="run" result="completed" time="0.000553" /><testcase name="test.test_importlib.source.test_file_loader.SourceDateEpoch_SimpleTest.test_module_reuse" status="run" result="completed" time="0.000803" /><testcase name="test.test_importlib.source.test_file_loader.SourceDateEpoch_SimpleTest.test_overridden_checked_hash_based_pyc" status="run" result="completed" time="0.000696" /><testcase name="test.test_importlib.source.test_file_loader.SourceDateEpoch_SimpleTest.test_overridden_unchecked_hash_based_pyc" status="run" result="completed" time="0.000886" /><testcase name="test.test_importlib.source.test_file_loader.SourceDateEpoch_SimpleTest.test_package" status="run" result="completed" time="0.000631" /><testcase name="test.test_importlib.source.test_file_loader.SourceDateEpoch_SimpleTest.test_state_after_failure" status="run" result="completed" time="0.000408" /><testcase name="test.test_importlib.source.test_file_loader.SourceDateEpoch_SimpleTest.test_timestamp_overflow" status="run" result="completed" time="0.000811" /><testcase name="test.test_importlib.source.test_file_loader.SourceDateEpoch_SimpleTest.test_unchecked_hash_based_pyc" status="run" result="completed" time="0.000677" /><testcase name="test.test_importlib.source.test_file_loader.SourceDateEpoch_SimpleTest.test_unloadable" status="run" result="completed" time="0.000030" /><testcase name="test.test_importlib.source.test_file_loader.Source_SimpleTest.test_bad_syntax" status="run" result="completed" time="0.000332" /><testcase name="test.test_importlib.source.test_file_loader.Source_SimpleTest.test_checked_hash_based_pyc" status="run" result="completed" time="0.001166" /><testcase name="test.test_importlib.source.test_file_loader.Source_SimpleTest.test_equality" status="run" result="completed" time="0.000015" /><testcase name="test.test_importlib.source.test_file_loader.Source_SimpleTest.test_file_from_empty_string_dir" status="run" result="completed" time="0.000404" /><testcase name="test.test_importlib.source.test_file_loader.Source_SimpleTest.test_get_filename_API" status="run" result="completed" time="0.000048" /><testcase name="test.test_importlib.source.test_file_loader.Source_SimpleTest.test_inequality" status="run" result="completed" time="0.000010" /><testcase name="test.test_importlib.source.test_file_loader.Source_SimpleTest.test_lacking_parent" status="run" result="completed" time="0.000805" /><testcase name="test.test_importlib.source.test_file_loader.Source_SimpleTest.test_load_module_API" status="run" result="completed" time="0.000086" /><testcase name="test.test_importlib.source.test_file_loader.Source_SimpleTest.test_module" status="run" result="completed" time="0.000562" /><testcase name="test.test_importlib.source.test_file_loader.Source_SimpleTest.test_module_reuse" status="run" result="completed" time="0.000992" /><testcase name="test.test_importlib.source.test_file_loader.Source_SimpleTest.test_overridden_checked_hash_based_pyc" status="run" result="completed" time="0.000876" /><testcase name="test.test_importlib.source.test_file_loader.Source_SimpleTest.test_overridden_unchecked_hash_based_pyc" status="run" result="completed" time="0.001121" /><testcase name="test.test_importlib.source.test_file_loader.Source_SimpleTest.test_package" status="run" result="completed" time="0.000824" /><testcase name="test.test_importlib.source.test_file_loader.Source_SimpleTest.test_state_after_failure" status="run" result="completed" time="0.000493" /><testcase name="test.test_importlib.source.test_file_loader.Source_SimpleTest.test_timestamp_overflow" status="run" result="completed" time="0.000953" /><testcase name="test.test_importlib.source.test_file_loader.Source_SimpleTest.test_unchecked_hash_based_pyc" status="run" result="completed" time="0.000823" /><testcase name="test.test_importlib.source.test_file_loader.Source_SimpleTest.test_unloadable" status="run" result="completed" time="0.000021" /><testcase name="test.test_importlib.source.test_file_loader.Source_SourceLoaderBadBytecodeTestPEP302.test_bad_magic" status="run" result="completed" time="0.000961" /><testcase name="test.test_importlib.source.test_file_loader.Source_SourceLoaderBadBytecodeTestPEP302.test_bad_marshal" status="run" result="completed" time="0.000645" /><testcase name="test.test_importlib.source.test_file_loader.Source_SourceLoaderBadBytecodeTestPEP302.test_empty_file" status="run" result="completed" time="0.001053" /><testcase name="test.test_importlib.source.test_file_loader.Source_SourceLoaderBadBytecodeTestPEP302.test_magic_only" status="run" result="completed" time="0.000956" /><testcase name="test.test_importlib.source.test_file_loader.Source_SourceLoaderBadBytecodeTestPEP302.test_no_marshal" status="run" result="completed" time="0.000757" /><testcase name="test.test_importlib.source.test_file_loader.Source_SourceLoaderBadBytecodeTestPEP302.test_non_code_marshal" status="run" result="completed" time="0.000742" /><testcase name="test.test_importlib.source.test_file_loader.Source_SourceLoaderBadBytecodeTestPEP302.test_old_timestamp" status="run" result="completed" time="0.001027" /><testcase name="test.test_importlib.source.test_file_loader.Source_SourceLoaderBadBytecodeTestPEP302.test_partial_flags" status="run" result="completed" time="0.001033" /><testcase name="test.test_importlib.source.test_file_loader.Source_SourceLoaderBadBytecodeTestPEP302.test_partial_hash" status="run" result="completed" time="0.001947" /><testcase name="test.test_importlib.source.test_file_loader.Source_SourceLoaderBadBytecodeTestPEP302.test_partial_magic" status="run" result="completed" time="0.000836" /><testcase name="test.test_importlib.source.test_file_loader.Source_SourceLoaderBadBytecodeTestPEP302.test_partial_size" status="run" result="completed" time="0.000843" /><testcase name="test.test_importlib.source.test_file_loader.Source_SourceLoaderBadBytecodeTestPEP302.test_partial_timestamp" status="run" result="completed" time="0.000836" /><testcase name="test.test_importlib.source.test_file_loader.Source_SourceLoaderBadBytecodeTestPEP302.test_read_only_bytecode" status="run" result="completed" time="0.000797" /><testcase name="test.test_importlib.source.test_file_loader.Source_SourceLoaderBadBytecodeTestPEP451.test_bad_magic" status="run" result="completed" time="0.000814" /><testcase name="test.test_importlib.source.test_file_loader.Source_SourceLoaderBadBytecodeTestPEP451.test_bad_marshal" status="run" result="completed" time="0.000613" /><testcase name="test.test_importlib.source.test_file_loader.Source_SourceLoaderBadBytecodeTestPEP451.test_empty_file" status="run" result="completed" time="0.000782" /><testcase name="test.test_importlib.source.test_file_loader.Source_SourceLoaderBadBytecodeTestPEP451.test_magic_only" status="run" result="completed" time="0.000790" /><testcase name="test.test_importlib.source.test_file_loader.Source_SourceLoaderBadBytecodeTestPEP451.test_no_marshal" status="run" result="completed" time="0.000584" /><testcase name="test.test_importlib.source.test_file_loader.Source_SourceLoaderBadBytecodeTestPEP451.test_non_code_marshal" status="run" result="completed" time="0.000643" /><testcase name="test.test_importlib.source.test_file_loader.Source_SourceLoaderBadBytecodeTestPEP451.test_old_timestamp" status="run" result="completed" time="0.000769" /><testcase name="test.test_importlib.source.test_file_loader.Source_SourceLoaderBadBytecodeTestPEP451.test_partial_flags" status="run" result="completed" time="0.000781" /><testcase name="test.test_importlib.source.test_file_loader.Source_SourceLoaderBadBytecodeTestPEP451.test_partial_hash" status="run" result="completed" time="0.001559" /><testcase name="test.test_importlib.source.test_file_loader.Source_SourceLoaderBadBytecodeTestPEP451.test_partial_magic" status="run" result="completed" time="0.000783" /><testcase name="test.test_importlib.source.test_file_loader.Source_SourceLoaderBadBytecodeTestPEP451.test_partial_size" status="run" result="completed" time="0.000782" /><testcase name="test.test_importlib.source.test_file_loader.Source_SourceLoaderBadBytecodeTestPEP451.test_partial_timestamp" status="run" result="completed" time="0.000797" /><testcase name="test.test_importlib.source.test_file_loader.Source_SourceLoaderBadBytecodeTestPEP451.test_read_only_bytecode" status="run" result="completed" time="0.000775" /><testcase name="test.test_importlib.source.test_file_loader.Source_SourcelessLoaderBadBytecodeTestPEP302.test_bad_magic" status="run" result="completed" time="0.000644" /><testcase name="test.test_importlib.source.test_file_loader.Source_SourcelessLoaderBadBytecodeTestPEP302.test_empty_file" status="run" result="completed" time="0.000677" /><testcase name="test.test_importlib.source.test_file_loader.Source_SourcelessLoaderBadBytecodeTestPEP302.test_magic_only" status="run" result="completed" time="0.000804" /><testcase name="test.test_importlib.source.test_file_loader.Source_SourcelessLoaderBadBytecodeTestPEP302.test_no_marshal" status="run" result="completed" time="0.000794" /><testcase name="test.test_importlib.source.test_file_loader.Source_SourcelessLoaderBadBytecodeTestPEP302.test_non_code_marshal" status="run" result="completed" time="0.000785" /><testcase name="test.test_importlib.source.test_file_loader.Source_SourcelessLoaderBadBytecodeTestPEP302.test_partial_flags" status="run" result="completed" time="0.000813" /><testcase name="test.test_importlib.source.test_file_loader.Source_SourcelessLoaderBadBytecodeTestPEP302.test_partial_hash" status="run" result="completed" time="0.001552" /><testcase name="test.test_importlib.source.test_file_loader.Source_SourcelessLoaderBadBytecodeTestPEP302.test_partial_magic" status="run" result="completed" time="0.000752" /><testcase name="test.test_importlib.source.test_file_loader.Source_SourcelessLoaderBadBytecodeTestPEP302.test_partial_size" status="run" result="completed" time="0.000641" /><testcase name="test.test_importlib.source.test_file_loader.Source_SourcelessLoaderBadBytecodeTestPEP302.test_partial_timestamp" status="run" result="completed" time="0.000671" /><testcase name="test.test_importlib.source.test_file_loader.Source_SourcelessLoaderBadBytecodeTestPEP451.test_bad_magic" status="run" result="completed" time="0.000600" /><testcase name="test.test_importlib.source.test_file_loader.Source_SourcelessLoaderBadBytecodeTestPEP451.test_empty_file" status="run" result="completed" time="0.000650" /><testcase name="test.test_importlib.source.test_file_loader.Source_SourcelessLoaderBadBytecodeTestPEP451.test_magic_only" status="run" result="completed" time="0.000668" /><testcase name="test.test_importlib.source.test_file_loader.Source_SourcelessLoaderBadBytecodeTestPEP451.test_no_marshal" status="run" result="completed" time="0.000645" /><testcase name="test.test_importlib.source.test_file_loader.Source_SourcelessLoaderBadBytecodeTestPEP451.test_non_code_marshal" status="run" result="completed" time="0.000658" /><testcase name="test.test_importlib.source.test_file_loader.Source_SourcelessLoaderBadBytecodeTestPEP451.test_partial_flags" status="run" result="completed" time="0.000663" /><testcase name="test.test_importlib.source.test_file_loader.Source_SourcelessLoaderBadBytecodeTestPEP451.test_partial_hash" status="run" result="completed" time="0.001280" /><testcase name="test.test_importlib.source.test_file_loader.Source_SourcelessLoaderBadBytecodeTestPEP451.test_partial_magic" status="run" result="completed" time="0.000626" /><testcase name="test.test_importlib.source.test_file_loader.Source_SourcelessLoaderBadBytecodeTestPEP451.test_partial_size" status="run" result="completed" time="0.000627" /><testcase name="test.test_importlib.source.test_file_loader.Source_SourcelessLoaderBadBytecodeTestPEP451.test_partial_timestamp" status="run" result="completed" time="0.000752" /><testcase name="test.test_importlib.source.test_finder.Frozen_FinderTestsPEP420.test_dir_removal_handling" status="run" result="completed" time="0.000363" /><testcase name="test.test_importlib.source.test_finder.Frozen_FinderTestsPEP420.test_empty_string_for_dir" status="run" result="completed" time="0.000180" /><testcase name="test.test_importlib.source.test_finder.Frozen_FinderTestsPEP420.test_failure" status="run" result="completed" time="0.000278" /><testcase name="test.test_importlib.source.test_finder.Frozen_FinderTestsPEP420.test_ignore_file" status="run" result="completed" time="0.000184" /><testcase name="test.test_importlib.source.test_finder.Frozen_FinderTestsPEP420.test_invalidate_caches" status="run" result="completed" time="0.000028" /><testcase name="test.test_importlib.source.test_finder.Frozen_FinderTestsPEP420.test_module" status="run" result="completed" time="0.001804" /><testcase name="test.test_importlib.source.test_finder.Frozen_FinderTestsPEP420.test_module_in_package" status="run" result="completed" time="0.000542" /><testcase name="test.test_importlib.source.test_finder.Frozen_FinderTestsPEP420.test_no_read_directory" status="run" result="completed" time="0.000215" /><testcase name="test.test_importlib.source.test_finder.Frozen_FinderTestsPEP420.test_package" status="run" result="completed" time="0.002243" /><testcase name="test.test_importlib.source.test_finder.Frozen_FinderTestsPEP420.test_package_in_package" status="run" result="completed" time="0.000776" /><testcase name="test.test_importlib.source.test_finder.Frozen_FinderTestsPEP420.test_package_over_module" status="run" result="completed" time="0.000584" /><testcase name="test.test_importlib.source.test_finder.Frozen_FinderTestsPEP451.test_dir_removal_handling" status="run" result="completed" time="0.000309" /><testcase name="test.test_importlib.source.test_finder.Frozen_FinderTestsPEP451.test_empty_string_for_dir" status="run" result="completed" time="0.000157" /><testcase name="test.test_importlib.source.test_finder.Frozen_FinderTestsPEP451.test_failure" status="run" result="completed" time="0.000229" /><testcase name="test.test_importlib.source.test_finder.Frozen_FinderTestsPEP451.test_ignore_file" status="run" result="completed" time="0.000111" /><testcase name="test.test_importlib.source.test_finder.Frozen_FinderTestsPEP451.test_invalidate_caches" status="run" result="completed" time="0.000025" /><testcase name="test.test_importlib.source.test_finder.Frozen_FinderTestsPEP451.test_module" status="run" result="completed" time="0.001359" /><testcase name="test.test_importlib.source.test_finder.Frozen_FinderTestsPEP451.test_module_in_package" status="run" result="completed" time="0.000440" /><testcase name="test.test_importlib.source.test_finder.Frozen_FinderTestsPEP451.test_no_read_directory" status="run" result="completed" time="0.000158" /><testcase name="test.test_importlib.source.test_finder.Frozen_FinderTestsPEP451.test_package" status="run" result="completed" time="0.001678" /><testcase name="test.test_importlib.source.test_finder.Frozen_FinderTestsPEP451.test_package_in_package" status="run" result="completed" time="0.000513" /><testcase name="test.test_importlib.source.test_finder.Frozen_FinderTestsPEP451.test_package_over_module" status="run" result="completed" time="0.000415" /><testcase name="test.test_importlib.source.test_finder.Source_FinderTestsPEP420.test_dir_removal_handling" status="run" result="completed" time="0.000271" /><testcase name="test.test_importlib.source.test_finder.Source_FinderTestsPEP420.test_empty_string_for_dir" status="run" result="completed" time="0.000125" /><testcase name="test.test_importlib.source.test_finder.Source_FinderTestsPEP420.test_failure" status="run" result="completed" time="0.000219" /><testcase name="test.test_importlib.source.test_finder.Source_FinderTestsPEP420.test_ignore_file" status="run" result="completed" time="0.000107" /><testcase name="test.test_importlib.source.test_finder.Source_FinderTestsPEP420.test_invalidate_caches" status="run" result="completed" time="0.000027" /><testcase name="test.test_importlib.source.test_finder.Source_FinderTestsPEP420.test_module" status="run" result="completed" time="0.001520" /><testcase name="test.test_importlib.source.test_finder.Source_FinderTestsPEP420.test_module_in_package" status="run" result="completed" time="0.000508" /><testcase name="test.test_importlib.source.test_finder.Source_FinderTestsPEP420.test_no_read_directory" status="run" result="completed" time="0.000194" /><testcase name="test.test_importlib.source.test_finder.Source_FinderTestsPEP420.test_package" status="run" result="completed" time="0.002042" /><testcase name="test.test_importlib.source.test_finder.Source_FinderTestsPEP420.test_package_in_package" status="run" result="completed" time="0.000515" /><testcase name="test.test_importlib.source.test_finder.Source_FinderTestsPEP420.test_package_over_module" status="run" result="completed" time="0.000408" /><testcase name="test.test_importlib.source.test_finder.Source_FinderTestsPEP451.test_dir_removal_handling" status="run" result="completed" time="0.000284" /><testcase name="test.test_importlib.source.test_finder.Source_FinderTestsPEP451.test_empty_string_for_dir" status="run" result="completed" time="0.000141" /><testcase name="test.test_importlib.source.test_finder.Source_FinderTestsPEP451.test_failure" status="run" result="completed" time="0.000230" /><testcase name="test.test_importlib.source.test_finder.Source_FinderTestsPEP451.test_ignore_file" status="run" result="completed" time="0.000116" /><testcase name="test.test_importlib.source.test_finder.Source_FinderTestsPEP451.test_invalidate_caches" status="run" result="completed" time="0.000026" /><testcase name="test.test_importlib.source.test_finder.Source_FinderTestsPEP451.test_module" status="run" result="completed" time="0.001387" /><testcase name="test.test_importlib.source.test_finder.Source_FinderTestsPEP451.test_module_in_package" status="run" result="completed" time="0.000414" /><testcase name="test.test_importlib.source.test_finder.Source_FinderTestsPEP451.test_no_read_directory" status="run" result="completed" time="0.000160" /><testcase name="test.test_importlib.source.test_finder.Source_FinderTestsPEP451.test_package" status="run" result="completed" time="0.001657" /><testcase name="test.test_importlib.source.test_finder.Source_FinderTestsPEP451.test_package_in_package" status="run" result="completed" time="0.000538" /><testcase name="test.test_importlib.source.test_finder.Source_FinderTestsPEP451.test_package_over_module" status="run" result="completed" time="0.000433" /><testcase name="test.test_importlib.source.test_path_hook.Frozen_PathHookTest.test_empty_string" status="run" result="completed" time="0.000042" /><testcase name="test.test_importlib.source.test_path_hook.Frozen_PathHookTest.test_success" status="run" result="completed" time="0.000206" /><testcase name="test.test_importlib.source.test_path_hook.Source_PathHookTest.test_empty_string" status="run" result="completed" time="0.000043" /><testcase name="test.test_importlib.source.test_path_hook.Source_PathHookTest.test_success" status="run" result="completed" time="0.000217" /><testcase name="test.test_importlib.source.test_source_encoding.Frozen_EncodingTestPEP302.test_bom" status="run" result="completed" time="0.000652" /><testcase name="test.test_importlib.source.test_source_encoding.Frozen_EncodingTestPEP302.test_bom_and_utf_8" status="run" result="completed" time="0.000590" /><testcase name="test.test_importlib.source.test_source_encoding.Frozen_EncodingTestPEP302.test_bom_conflict" status="run" result="completed" time="0.000310" /><testcase name="test.test_importlib.source.test_source_encoding.Frozen_EncodingTestPEP302.test_default_encoding" status="run" result="completed" time="0.000584" /><testcase name="test.test_importlib.source.test_source_encoding.Frozen_EncodingTestPEP302.test_encoding_on_first_line" status="run" result="completed" time="0.000558" /><testcase name="test.test_importlib.source.test_source_encoding.Frozen_EncodingTestPEP302.test_encoding_on_second_line" status="run" result="completed" time="0.000572" /><testcase name="test.test_importlib.source.test_source_encoding.Frozen_EncodingTestPEP302.test_non_obvious_encoding" status="run" result="completed" time="0.000916" /><testcase name="test.test_importlib.source.test_source_encoding.Frozen_EncodingTestPEP451.test_bom" status="run" result="completed" time="0.000559" /><testcase name="test.test_importlib.source.test_source_encoding.Frozen_EncodingTestPEP451.test_bom_and_utf_8" status="run" result="completed" time="0.000532" /><testcase name="test.test_importlib.source.test_source_encoding.Frozen_EncodingTestPEP451.test_bom_conflict" status="run" result="completed" time="0.000304" /><testcase name="test.test_importlib.source.test_source_encoding.Frozen_EncodingTestPEP451.test_default_encoding" status="run" result="completed" time="0.000556" /><testcase name="test.test_importlib.source.test_source_encoding.Frozen_EncodingTestPEP451.test_encoding_on_first_line" status="run" result="completed" time="0.000554" /><testcase name="test.test_importlib.source.test_source_encoding.Frozen_EncodingTestPEP451.test_encoding_on_second_line" status="run" result="completed" time="0.000611" /><testcase name="test.test_importlib.source.test_source_encoding.Frozen_EncodingTestPEP451.test_non_obvious_encoding" status="run" result="completed" time="0.000648" /><testcase name="test.test_importlib.source.test_source_encoding.Frozen_LineEndingTestPEP302.test_cr" status="run" result="completed" time="0.000757" /><testcase name="test.test_importlib.source.test_source_encoding.Frozen_LineEndingTestPEP302.test_crlf" status="run" result="completed" time="0.000659" /><testcase name="test.test_importlib.source.test_source_encoding.Frozen_LineEndingTestPEP302.test_lf" status="run" result="completed" time="0.000733" /><testcase name="test.test_importlib.source.test_source_encoding.Frozen_LineEndingTestPEP451.test_cr" status="run" result="completed" time="0.000711" /><testcase name="test.test_importlib.source.test_source_encoding.Frozen_LineEndingTestPEP451.test_crlf" status="run" result="completed" time="0.000572" /><testcase name="test.test_importlib.source.test_source_encoding.Frozen_LineEndingTestPEP451.test_lf" status="run" result="completed" time="0.000548" /><testcase name="test.test_importlib.source.test_source_encoding.Source_EncodingTestPEP302.test_bom" status="run" result="completed" time="0.000645" /><testcase name="test.test_importlib.source.test_source_encoding.Source_EncodingTestPEP302.test_bom_and_utf_8" status="run" result="completed" time="0.000556" /><testcase name="test.test_importlib.source.test_source_encoding.Source_EncodingTestPEP302.test_bom_conflict" status="run" result="completed" time="0.000322" /><testcase name="test.test_importlib.source.test_source_encoding.Source_EncodingTestPEP302.test_default_encoding" status="run" result="completed" time="0.000548" /><testcase name="test.test_importlib.source.test_source_encoding.Source_EncodingTestPEP302.test_encoding_on_first_line" status="run" result="completed" time="0.000743" /><testcase name="test.test_importlib.source.test_source_encoding.Source_EncodingTestPEP302.test_encoding_on_second_line" status="run" result="completed" time="0.000654" /><testcase name="test.test_importlib.source.test_source_encoding.Source_EncodingTestPEP302.test_non_obvious_encoding" status="run" result="completed" time="0.000607" /><testcase name="test.test_importlib.source.test_source_encoding.Source_EncodingTestPEP451.test_bom" status="run" result="completed" time="0.000562" /><testcase name="test.test_importlib.source.test_source_encoding.Source_EncodingTestPEP451.test_bom_and_utf_8" status="run" result="completed" time="0.000541" /><testcase name="test.test_importlib.source.test_source_encoding.Source_EncodingTestPEP451.test_bom_conflict" status="run" result="completed" time="0.000292" /><testcase name="test.test_importlib.source.test_source_encoding.Source_EncodingTestPEP451.test_default_encoding" status="run" result="completed" time="0.000674" /><testcase name="test.test_importlib.source.test_source_encoding.Source_EncodingTestPEP451.test_encoding_on_first_line" status="run" result="completed" time="0.000634" /><testcase name="test.test_importlib.source.test_source_encoding.Source_EncodingTestPEP451.test_encoding_on_second_line" status="run" result="completed" time="0.000648" /><testcase name="test.test_importlib.source.test_source_encoding.Source_EncodingTestPEP451.test_non_obvious_encoding" status="run" result="completed" time="0.000646" /><testcase name="test.test_importlib.source.test_source_encoding.Source_LineEndingTestPEP302.test_cr" status="run" result="completed" time="0.000686" /><testcase name="test.test_importlib.source.test_source_encoding.Source_LineEndingTestPEP302.test_crlf" status="run" result="completed" time="0.000649" /><testcase name="test.test_importlib.source.test_source_encoding.Source_LineEndingTestPEP302.test_lf" status="run" result="completed" time="0.000547" /><testcase name="test.test_importlib.source.test_source_encoding.Source_LineEndingTestPEP451.test_cr" status="run" result="completed" time="0.000562" /><testcase name="test.test_importlib.source.test_source_encoding.Source_LineEndingTestPEP451.test_crlf" status="run" result="completed" time="0.000558" /><testcase name="test.test_importlib.source.test_source_encoding.Source_LineEndingTestPEP451.test_lf" status="run" result="completed" time="0.000520" /><testcase name="test.test_importlib.test_abc.Frozen_InspectLoaderDefaultsTests.test_get_source" status="run" result="completed" time="0.000027" /><testcase name="test.test_importlib.test_abc.Frozen_InspectLoaderDefaultsTests.test_is_package" status="run" result="completed" time="0.000011" /><testcase name="test.test_importlib.test_abc.Frozen_ExecutionLoaderGetCodeTests.test_get_code" status="run" result="completed" time="0.000259" /><testcase name="test.test_importlib.test_abc.Frozen_ExecutionLoaderGetCodeTests.test_get_code_no_path" status="run" result="completed" time="0.000145" /><testcase name="test.test_importlib.test_abc.Frozen_ExecutionLoaderGetCodeTests.test_get_code_source_is_None" status="run" result="completed" time="0.000067" /><testcase name="test.test_importlib.test_abc.Frozen_ExecutionLoaderGetCodeTests.test_get_code_source_not_found" status="run" result="completed" time="0.000012" /><testcase name="test.test_importlib.test_abc.Frozen_ExecutionLoader.test_subclasses" status="run" result="completed" time="0.000012" /><testcase name="test.test_importlib.test_abc.Frozen_ExecutionLoader.test_superclasses" status="run" result="completed" time="0.000009" /><testcase name="test.test_importlib.test_abc.Frozen_FileLoader.test_subclasses" status="run" result="completed" time="0.000012" /><testcase name="test.test_importlib.test_abc.Frozen_FileLoader.test_superclasses" status="run" result="completed" time="0.000008" /><testcase name="test.test_importlib.test_abc.Frozen_InspectLoaderDefaultsTests.test_get_source" status="run" result="completed" time="0.000012" /><testcase name="test.test_importlib.test_abc.Frozen_InspectLoaderDefaultsTests.test_is_package" status="run" result="completed" time="0.000009" /><testcase name="test.test_importlib.test_abc.Frozen_InspectLoaderGetCodeTests.test_get_code" status="run" result="completed" time="0.000084" /><testcase name="test.test_importlib.test_abc.Frozen_InspectLoaderGetCodeTests.test_get_code_source_is_None" status="run" result="completed" time="0.000067" /><testcase name="test.test_importlib.test_abc.Frozen_InspectLoaderGetCodeTests.test_get_code_source_not_found" status="run" result="completed" time="0.000010" /><testcase name="test.test_importlib.test_abc.Frozen_InspectLoaderLoadModuleTests.test_get_code_ImportError" status="run" result="completed" time="0.000089" /><testcase name="test.test_importlib.test_abc.Frozen_InspectLoaderLoadModuleTests.test_get_code_None" status="run" result="completed" time="0.000081" /><testcase name="test.test_importlib.test_abc.Frozen_InspectLoaderLoadModuleTests.test_module_returned" status="run" result="completed" time="0.000089" /><testcase name="test.test_importlib.test_abc.Frozen_InspectLoaderSourceToCodeTests.test_source_to_code_bytes" status="run" result="completed" time="0.000022" /><testcase name="test.test_importlib.test_abc.Frozen_InspectLoaderSourceToCodeTests.test_source_to_code_no_path" status="run" result="completed" time="0.000015" /><testcase name="test.test_importlib.test_abc.Frozen_InspectLoaderSourceToCodeTests.test_source_to_code_path" status="run" result="completed" time="0.000013" /><testcase name="test.test_importlib.test_abc.Frozen_InspectLoaderSourceToCodeTests.test_source_to_code_source" status="run" result="completed" time="0.000017" /><testcase name="test.test_importlib.test_abc.Frozen_InspectLoader.test_subclasses" status="run" result="completed" time="0.000013" /><testcase name="test.test_importlib.test_abc.Frozen_InspectLoader.test_superclasses" status="run" result="completed" time="0.000008" /><testcase name="test.test_importlib.test_abc.Frozen_LoaderDefaultsTests.test_create_module" status="run" result="completed" time="0.000009" /><testcase name="test.test_importlib.test_abc.Frozen_LoaderDefaultsTests.test_load_module" status="run" result="completed" time="0.000010" /><testcase name="test.test_importlib.test_abc.Frozen_LoaderDefaultsTests.test_module_repr" status="run" result="completed" time="0.000018" /><testcase name="test.test_importlib.test_abc.Frozen_LoaderLoadModuleTests.test_fresh" status="run" result="completed" time="0.000050" /><testcase name="test.test_importlib.test_abc.Frozen_LoaderLoadModuleTests.test_reload" status="run" result="completed" time="0.000032" /><testcase name="test.test_importlib.test_abc.Frozen_MetaPathFinderDefaultsTests.test_invalidate_caches" status="run" result="completed" time="0.000010" /><testcase name="test.test_importlib.test_abc.Frozen_MetaPathFinderFindModuleTests.test_find_spec_with_explicit_target" status="run" result="completed" time="0.000022" /><testcase name="test.test_importlib.test_abc.Frozen_MetaPathFinderFindModuleTests.test_no_spec" status="run" result="completed" time="0.000018" /><testcase name="test.test_importlib.test_abc.Frozen_MetaPathFinderFindModuleTests.test_spec" status="run" result="completed" time="0.000015" /><testcase name="test.test_importlib.test_abc.Frozen_MetaPathFinder.test_subclasses" status="run" result="completed" time="0.000012" /><testcase name="test.test_importlib.test_abc.Frozen_MetaPathFinder.test_superclasses" status="run" result="completed" time="0.000007" /><testcase name="test.test_importlib.test_abc.Frozen_PathEntryFinderDefaultsTests.test_invalidate_caches" status="run" result="completed" time="0.000008" /><testcase name="test.test_importlib.test_abc.Frozen_PathEntryFinder.test_subclasses" status="run" result="completed" time="0.000008" /><testcase name="test.test_importlib.test_abc.Frozen_PathEntryFinder.test_superclasses" status="run" result="completed" time="0.000006" /><testcase name="test.test_importlib.test_abc.Frozen_ResourceLoaderDefaultsTests.test_get_data" status="run" result="completed" time="0.000013" /><testcase name="test.test_importlib.test_abc.Frozen_ResourceLoader.test_subclasses" status="run" result="completed" time="0.000008" /><testcase name="test.test_importlib.test_abc.Frozen_ResourceLoader.test_superclasses" status="run" result="completed" time="0.000007" /><testcase name="test.test_importlib.test_abc.Frozen_SourceLoaderBytecodeTests.test_code_bad_magic" status="run" result="completed" time="0.000148" /><testcase name="test.test_importlib.test_abc.Frozen_SourceLoaderBytecodeTests.test_code_bad_timestamp" status="run" result="completed" time="0.000113" /><testcase name="test.test_importlib.test_abc.Frozen_SourceLoaderBytecodeTests.test_code_with_everything" status="run" result="completed" time="0.000051" /><testcase name="test.test_importlib.test_abc.Frozen_SourceLoaderBytecodeTests.test_dont_write_bytecode" status="run" result="completed" time="0.000055" /><testcase name="test.test_importlib.test_abc.Frozen_SourceLoaderBytecodeTests.test_no_bytecode" status="run" result="completed" time="0.000070" /><testcase name="test.test_importlib.test_abc.Frozen_SourceLoaderBytecodeTests.test_no_set_data" status="run" result="completed" time="0.000096" /><testcase name="test.test_importlib.test_abc.Frozen_SourceLoaderBytecodeTests.test_set_data_raises_exceptions" status="run" result="completed" time="0.000093" /><testcase name="test.test_importlib.test_abc.Frozen_SourceLoader.test_subclasses" status="run" result="completed" time="0.000010" /><testcase name="test.test_importlib.test_abc.Frozen_SourceLoader.test_superclasses" status="run" result="completed" time="0.000008" /><testcase name="test.test_importlib.test_abc.Frozen_SourceLoaderGetSourceTests.test_decoded_source" status="run" result="completed" time="0.000040" /><testcase name="test.test_importlib.test_abc.Frozen_SourceLoaderGetSourceTests.test_default_encoding" status="run" result="completed" time="0.000013" /><testcase name="test.test_importlib.test_abc.Frozen_SourceLoaderGetSourceTests.test_universal_newlines" status="run" result="completed" time="0.000012" /><testcase name="test.test_importlib.test_abc.Frozen_SourceOnlyLoaderTests.test_get_code" status="run" result="completed" time="0.000047" /><testcase name="test.test_importlib.test_abc.Frozen_SourceOnlyLoaderTests.test_get_source" status="run" result="completed" time="0.000021" /><testcase name="test.test_importlib.test_abc.Frozen_SourceOnlyLoaderTests.test_get_source_encoding" status="run" result="completed" time="0.000019" /><testcase name="test.test_importlib.test_abc.Frozen_SourceOnlyLoaderTests.test_is_package" status="run" result="completed" time="0.000019" /><testcase name="test.test_importlib.test_abc.Frozen_SourceOnlyLoaderTests.test_load_module" status="run" result="completed" time="0.000069" /><testcase name="test.test_importlib.test_abc.Frozen_SourceOnlyLoaderTests.test_package_settings" status="run" result="completed" time="0.000063" /><testcase name="test.test_importlib.test_abc.Frozen_SourceOnlyLoaderTests.test_source_to_code" status="run" result="completed" time="0.000036" /><testcase name="test.test_importlib.test_abc.Source_LoaderDefaultsTests.test_create_module" status="run" result="completed" time="0.000010" /><testcase name="test.test_importlib.test_abc.Source_LoaderDefaultsTests.test_load_module" status="run" result="completed" time="0.000011" /><testcase name="test.test_importlib.test_abc.Source_LoaderDefaultsTests.test_module_repr" status="run" result="completed" time="0.000014" /><testcase name="test.test_importlib.test_abc.SourceLoaderDeprecationWarningsTests.test_deprecated_path_mtime" status="run" result="completed" time="0.000231" /><testcase name="test.test_importlib.test_abc.Source_SourceLoaderBytecodeTests.test_code_bad_magic" status="run" result="completed" time="0.000135" /><testcase name="test.test_importlib.test_abc.Source_SourceLoaderBytecodeTests.test_code_bad_timestamp" status="run" result="completed" time="0.000108" /><testcase name="test.test_importlib.test_abc.Source_SourceLoaderBytecodeTests.test_code_with_everything" status="run" result="completed" time="0.000051" /><testcase name="test.test_importlib.test_abc.Source_SourceLoaderBytecodeTests.test_dont_write_bytecode" status="run" result="completed" time="0.000055" /><testcase name="test.test_importlib.test_abc.Source_SourceLoaderBytecodeTests.test_no_bytecode" status="run" result="completed" time="0.000069" /><testcase name="test.test_importlib.test_abc.Source_SourceLoaderBytecodeTests.test_no_set_data" status="run" result="completed" time="0.000092" /><testcase name="test.test_importlib.test_abc.Source_SourceLoaderBytecodeTests.test_set_data_raises_exceptions" status="run" result="completed" time="0.000088" /><testcase name="test.test_importlib.test_abc.Source_InspectLoaderDefaultsTests.test_get_source" status="run" result="completed" time="0.000021" /><testcase name="test.test_importlib.test_abc.Source_InspectLoaderDefaultsTests.test_is_package" status="run" result="completed" time="0.000009" /><testcase name="test.test_importlib.test_abc.Source_ExecutionLoaderGetCodeTests.test_get_code" status="run" result="completed" time="0.000430" /><testcase name="test.test_importlib.test_abc.Source_ExecutionLoaderGetCodeTests.test_get_code_no_path" status="run" result="completed" time="0.000128" /><testcase name="test.test_importlib.test_abc.Source_ExecutionLoaderGetCodeTests.test_get_code_source_is_None" status="run" result="completed" time="0.000062" /><testcase name="test.test_importlib.test_abc.Source_ExecutionLoaderGetCodeTests.test_get_code_source_not_found" status="run" result="completed" time="0.000012" /><testcase name="test.test_importlib.test_abc.Source_ExecutionLoader.test_subclasses" status="run" result="completed" time="0.000011" /><testcase name="test.test_importlib.test_abc.Source_ExecutionLoader.test_superclasses" status="run" result="completed" time="0.000008" /><testcase name="test.test_importlib.test_abc.Source_FileLoader.test_subclasses" status="run" result="completed" time="0.000010" /><testcase name="test.test_importlib.test_abc.Source_FileLoader.test_superclasses" status="run" result="completed" time="0.000008" /><testcase name="test.test_importlib.test_abc.Source_InspectLoaderDefaultsTests.test_get_source" status="run" result="completed" time="0.000011" /><testcase name="test.test_importlib.test_abc.Source_InspectLoaderDefaultsTests.test_is_package" status="run" result="completed" time="0.000010" /><testcase name="test.test_importlib.test_abc.Source_InspectLoaderGetCodeTests.test_get_code" status="run" result="completed" time="0.000075" /><testcase name="test.test_importlib.test_abc.Source_InspectLoaderGetCodeTests.test_get_code_source_is_None" status="run" result="completed" time="0.000061" /><testcase name="test.test_importlib.test_abc.Source_InspectLoaderGetCodeTests.test_get_code_source_not_found" status="run" result="completed" time="0.000011" /><testcase name="test.test_importlib.test_abc.Source_InspectLoaderLoadModuleTests.test_get_code_ImportError" status="run" result="completed" time="0.000086" /><testcase name="test.test_importlib.test_abc.Source_InspectLoaderLoadModuleTests.test_get_code_None" status="run" result="completed" time="0.000077" /><testcase name="test.test_importlib.test_abc.Source_InspectLoaderLoadModuleTests.test_module_returned" status="run" result="completed" time="0.000086" /><testcase name="test.test_importlib.test_abc.Source_InspectLoaderSourceToCodeTests.test_source_to_code_bytes" status="run" result="completed" time="0.000019" /><testcase name="test.test_importlib.test_abc.Source_InspectLoaderSourceToCodeTests.test_source_to_code_no_path" status="run" result="completed" time="0.000014" /><testcase name="test.test_importlib.test_abc.Source_InspectLoaderSourceToCodeTests.test_source_to_code_path" status="run" result="completed" time="0.000012" /><testcase name="test.test_importlib.test_abc.Source_InspectLoaderSourceToCodeTests.test_source_to_code_source" status="run" result="completed" time="0.000016" /><testcase name="test.test_importlib.test_abc.Source_InspectLoader.test_subclasses" status="run" result="completed" time="0.000012" /><testcase name="test.test_importlib.test_abc.Source_InspectLoader.test_superclasses" status="run" result="completed" time="0.000007" /><testcase name="test.test_importlib.test_abc.Source_LoaderLoadModuleTests.test_fresh" status="run" result="completed" time="0.000062" /><testcase name="test.test_importlib.test_abc.Source_LoaderLoadModuleTests.test_reload" status="run" result="completed" time="0.000038" /><testcase name="test.test_importlib.test_abc.Source_MetaPathFinderDefaultsTests.test_invalidate_caches" status="run" result="completed" time="0.000009" /><testcase name="test.test_importlib.test_abc.Source_MetaPathFinderFindModuleTests.test_find_spec_with_explicit_target" status="run" result="completed" time="0.000021" /><testcase name="test.test_importlib.test_abc.Source_MetaPathFinderFindModuleTests.test_no_spec" status="run" result="completed" time="0.000020" /><testcase name="test.test_importlib.test_abc.Source_MetaPathFinderFindModuleTests.test_spec" status="run" result="completed" time="0.000017" /><testcase name="test.test_importlib.test_abc.Source_MetaPathFinder.test_subclasses" status="run" result="completed" time="0.000011" /><testcase name="test.test_importlib.test_abc.Source_MetaPathFinder.test_superclasses" status="run" result="completed" time="0.000007" /><testcase name="test.test_importlib.test_abc.Source_PathEntryFinderDefaultsTests.test_invalidate_caches" status="run" result="completed" time="0.000008" /><testcase name="test.test_importlib.test_abc.Source_PathEntryFinder.test_subclasses" status="run" result="completed" time="0.000008" /><testcase name="test.test_importlib.test_abc.Source_PathEntryFinder.test_superclasses" status="run" result="completed" time="0.000006" /><testcase name="test.test_importlib.test_abc.Source_ResourceLoaderDefaultsTests.test_get_data" status="run" result="completed" time="0.000013" /><testcase name="test.test_importlib.test_abc.Source_ResourceLoader.test_subclasses" status="run" result="completed" time="0.000007" /><testcase name="test.test_importlib.test_abc.Source_ResourceLoader.test_superclasses" status="run" result="completed" time="0.000007" /><testcase name="test.test_importlib.test_abc.Source_SourceLoader.test_subclasses" status="run" result="completed" time="0.000009" /><testcase name="test.test_importlib.test_abc.Source_SourceLoader.test_superclasses" status="run" result="completed" time="0.000007" /><testcase name="test.test_importlib.test_abc.Source_SourceLoaderGetSourceTests.test_decoded_source" status="run" result="completed" time="0.000020" /><testcase name="test.test_importlib.test_abc.Source_SourceLoaderGetSourceTests.test_default_encoding" status="run" result="completed" time="0.000012" /><testcase name="test.test_importlib.test_abc.Source_SourceLoaderGetSourceTests.test_universal_newlines" status="run" result="completed" time="0.000011" /><testcase name="test.test_importlib.test_abc.Source_SourceOnlyLoaderTests.test_get_code" status="run" result="completed" time="0.000049" /><testcase name="test.test_importlib.test_abc.Source_SourceOnlyLoaderTests.test_get_source" status="run" result="completed" time="0.000020" /><testcase name="test.test_importlib.test_abc.Source_SourceOnlyLoaderTests.test_get_source_encoding" status="run" result="completed" time="0.000017" /><testcase name="test.test_importlib.test_abc.Source_SourceOnlyLoaderTests.test_is_package" status="run" result="completed" time="0.000019" /><testcase name="test.test_importlib.test_abc.Source_SourceOnlyLoaderTests.test_load_module" status="run" result="completed" time="0.000073" /><testcase name="test.test_importlib.test_abc.Source_SourceOnlyLoaderTests.test_package_settings" status="run" result="completed" time="0.000066" /><testcase name="test.test_importlib.test_abc.Source_SourceOnlyLoaderTests.test_source_to_code" status="run" result="completed" time="0.000037" /><testcase name="test.test_importlib.test_api.FrozenImportlibTests.test_no_frozen_importlib" status="run" result="completed" time="0.000009" /><testcase name="test.test_importlib.test_api.Frozen_FindLoaderPEP451Tests.test_nothing" status="run" result="completed" time="0.000065" /><testcase name="test.test_importlib.test_api.Frozen_FindLoaderPEP451Tests.test_success" status="run" result="completed" time="0.000022" /><testcase name="test.test_importlib.test_api.Frozen_FindLoaderPEP451Tests.test_success_path" status="run" result="completed" time="0.000014" /><testcase name="test.test_importlib.test_api.Frozen_FindLoaderPEP451Tests.test_sys_modules" status="run" result="completed" time="0.000011" /><testcase name="test.test_importlib.test_api.Frozen_FindLoaderPEP451Tests.test_sys_modules_loader_is_None" status="run" result="completed" time="0.000013" /><testcase name="test.test_importlib.test_api.Frozen_FindLoaderPEP451Tests.test_sys_modules_loader_is_not_set" status="run" result="completed" time="0.000011" /><testcase name="test.test_importlib.test_api.Frozen_ImportModuleTests.test_absolute_import_with_package" status="run" result="completed" time="0.000098" /><testcase name="test.test_importlib.test_api.Frozen_ImportModuleTests.test_absolute_package_import" status="run" result="completed" time="0.000055" /><testcase name="test.test_importlib.test_api.Frozen_ImportModuleTests.test_deep_relative_package_import" status="run" result="completed" time="0.000076" /><testcase name="test.test_importlib.test_api.Frozen_ImportModuleTests.test_loaded_once" status="run" result="completed" time="0.000061" /><testcase name="test.test_importlib.test_api.Frozen_ImportModuleTests.test_module_import" status="run" result="completed" time="0.000032" /><testcase name="test.test_importlib.test_api.Frozen_ImportModuleTests.test_relative_import_wo_package" status="run" result="completed" time="0.000011" /><testcase name="test.test_importlib.test_api.Frozen_ImportModuleTests.test_shallow_relative_package_import" status="run" result="completed" time="0.000057" /><testcase name="test.test_importlib.test_api.Frozen_InvalidateCacheTests.test_method_called" status="run" result="completed" time="0.000158" /><testcase name="test.test_importlib.test_api.Frozen_InvalidateCacheTests.test_method_lacking" status="run" result="completed" time="0.000057" /><testcase name="test.test_importlib.test_api.Frozen_ReloadTests.test_module_missing_spec" status="run" result="completed" time="0.000417" /><testcase name="test.test_importlib.test_api.Frozen_ReloadTests.test_module_replaced" status="run" result="completed" time="0.000059" /><testcase name="test.test_importlib.test_api.Frozen_ReloadTests.test_reload_loader_replaced" status="run" result="completed" time="0.000573" /><testcase name="test.test_importlib.test_api.Frozen_ReloadTests.test_reload_location_changed" status="run" result="completed" time="0.001958" /><testcase name="test.test_importlib.test_api.Frozen_ReloadTests.test_reload_missing_loader" status="run" result="completed" time="0.000257" /><testcase name="test.test_importlib.test_api.Frozen_ReloadTests.test_reload_modules" status="run" result="completed" time="0.000851" /><testcase name="test.test_importlib.test_api.Frozen_ReloadTests.test_reload_namespace_changed" status="run" result="completed" time="0.000905" /><testcase name="test.test_importlib.test_api.Frozen_ReloadTests.test_reload_submodule" status="run" result="completed" time="0.001506" /><testcase name="test.test_importlib.test_api.Frozen_ReloadTests.test_reload_traceback_with_non_str" status="run" result="completed" time="0.000523" /><testcase name="test.test_importlib.test_api.Frozen_StartupTests.test_everyone_has___loader__" status="run" result="completed" time="0.001249" /><testcase name="test.test_importlib.test_api.Frozen_StartupTests.test_everyone_has___spec__" status="run" result="completed" time="0.001191" /><testcase name="test.test_importlib.test_api.Source_FindLoaderPEP451Tests.test_nothing" status="run" result="completed" time="0.000049" /><testcase name="test.test_importlib.test_api.Source_FindLoaderPEP451Tests.test_success" status="run" result="completed" time="0.000021" /><testcase name="test.test_importlib.test_api.Source_FindLoaderPEP451Tests.test_success_path" status="run" result="completed" time="0.000014" /><testcase name="test.test_importlib.test_api.Source_FindLoaderPEP451Tests.test_sys_modules" status="run" result="completed" time="0.000011" /><testcase name="test.test_importlib.test_api.Source_FindLoaderPEP451Tests.test_sys_modules_loader_is_None" status="run" result="completed" time="0.000014" /><testcase name="test.test_importlib.test_api.Source_FindLoaderPEP451Tests.test_sys_modules_loader_is_not_set" status="run" result="completed" time="0.000012" /><testcase name="test.test_importlib.test_api.Source_ImportModuleTests.test_absolute_import_with_package" status="run" result="completed" time="0.000126" /><testcase name="test.test_importlib.test_api.Source_ImportModuleTests.test_absolute_package_import" status="run" result="completed" time="0.000055" /><testcase name="test.test_importlib.test_api.Source_ImportModuleTests.test_deep_relative_package_import" status="run" result="completed" time="0.000075" /><testcase name="test.test_importlib.test_api.Source_ImportModuleTests.test_loaded_once" status="run" result="completed" time="0.000060" /><testcase name="test.test_importlib.test_api.Source_ImportModuleTests.test_module_import" status="run" result="completed" time="0.000030" /><testcase name="test.test_importlib.test_api.Source_ImportModuleTests.test_relative_import_wo_package" status="run" result="completed" time="0.000011" /><testcase name="test.test_importlib.test_api.Source_ImportModuleTests.test_shallow_relative_package_import" status="run" result="completed" time="0.000053" /><testcase name="test.test_importlib.test_api.Source_InvalidateCacheTests.test_method_called" status="run" result="completed" time="0.000099" /><testcase name="test.test_importlib.test_api.Source_InvalidateCacheTests.test_method_lacking" status="run" result="completed" time="0.000058" /><testcase name="test.test_importlib.test_api.Source_ReloadTests.test_module_missing_spec" status="run" result="completed" time="0.000374" /><testcase name="test.test_importlib.test_api.Source_ReloadTests.test_module_replaced" status="run" result="completed" time="0.000058" /><testcase name="test.test_importlib.test_api.Source_ReloadTests.test_reload_loader_replaced" status="run" result="completed" time="0.000545" /><testcase name="test.test_importlib.test_api.Source_ReloadTests.test_reload_location_changed" status="run" result="completed" time="0.001881" /><testcase name="test.test_importlib.test_api.Source_ReloadTests.test_reload_missing_loader" status="run" result="completed" time="0.000572" /><testcase name="test.test_importlib.test_api.Source_ReloadTests.test_reload_modules" status="run" result="completed" time="0.000730" /><testcase name="test.test_importlib.test_api.Source_ReloadTests.test_reload_namespace_changed" status="run" result="completed" time="0.000933" /><testcase name="test.test_importlib.test_api.Source_ReloadTests.test_reload_submodule" status="run" result="completed" time="0.001479" /><testcase name="test.test_importlib.test_api.Source_ReloadTests.test_reload_traceback_with_non_str" status="run" result="completed" time="0.000208" /><testcase name="test.test_importlib.test_api.Source_StartupTests.test_everyone_has___loader__" status="run" result="completed" time="0.001258" /><testcase name="test.test_importlib.test_api.Source_StartupTests.test_everyone_has___spec__" status="run" result="completed" time="0.001173" /><testcase name="test.test_importlib.test_api.TestDeprecations.test_machinery_deprecated_attributes" status="run" result="completed" time="0.000142" /><testcase name="test.test_importlib.test_api.TestModuleAll.test_machinery" status="run" result="completed" time="0.000061" /><testcase name="test.test_importlib.test_api.TestModuleAll.test_util" status="run" result="completed" time="0.000024" /><testcase name="test.test_importlib.test_lazy.LazyLoaderFactoryTests.test_init" status="run" result="completed" time="0.000016" /><testcase name="test.test_importlib.test_lazy.LazyLoaderFactoryTests.test_validation" status="run" result="completed" time="0.000015" /><testcase name="test.test_importlib.test_lazy.LazyLoaderTests.test_attr_unchanged" status="run" result="completed" time="0.012599" /><testcase name="test.test_importlib.test_lazy.LazyLoaderTests.test_delete_eventual_attr" status="run" result="completed" time="0.012589" /><testcase name="test.test_importlib.test_lazy.LazyLoaderTests.test_delete_preexisting_attr" status="run" result="completed" time="0.012586" /><testcase name="test.test_importlib.test_lazy.LazyLoaderTests.test_e2e" status="run" result="completed" time="0.012637" /><testcase name="test.test_importlib.test_lazy.LazyLoaderTests.test_init" status="run" result="completed" time="0.000018" /><testcase name="test.test_importlib.test_lazy.LazyLoaderTests.test_lazy_module_type_override" status="run" result="completed" time="0.012705" /><testcase name="test.test_importlib.test_lazy.LazyLoaderTests.test_lazy_self_referential_modules" status="run" result="completed" time="0.000849" /><testcase name="test.test_importlib.test_lazy.LazyLoaderTests.test_module_already_in_sys" status="run" result="completed" time="0.012620" /><testcase name="test.test_importlib.test_lazy.LazyLoaderTests.test_module_load_race" status="run" result="completed" time="0.012791" /><testcase name="test.test_importlib.test_lazy.LazyLoaderTests.test_module_substitution_error" status="run" result="completed" time="0.012620" /><testcase name="test.test_importlib.test_lazy.LazyLoaderTests.test_mutated_attr" status="run" result="completed" time="0.012578" /><testcase name="test.test_importlib.test_lazy.LazyLoaderTests.test_mutated_preexisting_attr" status="run" result="completed" time="0.012582" /><testcase name="test.test_importlib.test_lazy.LazyLoaderTests.test_new_attr" status="run" result="completed" time="0.012484" /><testcase name="test.test_importlib.test_locks.Frozen_DeadlockAvoidanceTests.test_deadlock" status="run" result="completed" time="0.039798" /><testcase name="test.test_importlib.test_locks.Frozen_DeadlockAvoidanceTests.test_no_deadlock" status="run" result="completed" time="0.027119" /><testcase name="test.test_importlib.test_locks.Frozen_LifetimeTests.test_all_locks" status="run" result="completed" time="0.010986" /><testcase name="test.test_importlib.test_locks.Frozen_LifetimeTests.test_lock_lifetime" status="run" result="completed" time="0.010815" /><testcase name="test.test_importlib.test_locks.Frozen_ModuleLockAsRLockTests.test_acquire_contended" status="run" result="completed" time="0.094712" /><testcase name="test.test_importlib.test_locks.Frozen_ModuleLockAsRLockTests.test_acquire_destroy" status="run" result="completed" time="0.000019" /><testcase name="test.test_importlib.test_locks.Frozen_ModuleLockAsRLockTests.test_acquire_release" status="run" result="completed" time="0.000011" /><testcase name="test.test_importlib.test_locks.Frozen_ModuleLockAsRLockTests.test_constructor" status="run" result="completed" time="0.000007" /><testcase name="test.test_importlib.test_locks.Frozen_ModuleLockAsRLockTests.test_constructor_noargs" status="run" result="completed" time="0.000034" /><testcase name="test.test_importlib.test_locks.Frozen_ModuleLockAsRLockTests.test_different_thread" status="run" result="completed" time="0.025691" /><testcase name="test.test_importlib.test_locks.Frozen_ModuleLockAsRLockTests.test_locked" status="run" result="completed" time="0.000025" /><testcase name="test.test_importlib.test_locks.Frozen_ModuleLockAsRLockTests.test_locked_with_2threads" status="run" result="completed" time="0.030367" /><testcase name="test.test_importlib.test_locks.Frozen_ModuleLockAsRLockTests.test_reacquire" status="run" result="completed" time="0.000024" /><testcase name="test.test_importlib.test_locks.Frozen_ModuleLockAsRLockTests.test_release_unacquired" status="run" result="completed" time="0.000028" /><testcase name="test.test_importlib.test_locks.Frozen_ModuleLockAsRLockTests.test_thread_leak" status="run" result="completed" time="0.031778" /><testcase name="test.test_importlib.test_locks.Frozen_ModuleLockAsRLockTests.test_weakref_deleted" status="run" result="completed" time="0.004958" /><testcase name="test.test_importlib.test_locks.Frozen_ModuleLockAsRLockTests.test_weakref_exists" status="run" result="completed" time="0.000014" /><testcase name="test.test_importlib.test_locks.Source_DeadlockAvoidanceTests.test_deadlock" status="run" result="completed" time="0.032822" /><testcase name="test.test_importlib.test_locks.Source_DeadlockAvoidanceTests.test_no_deadlock" status="run" result="completed" time="0.034227" /><testcase name="test.test_importlib.test_locks.Source_LifetimeTests.test_all_locks" status="run" result="completed" time="0.018491" /><testcase name="test.test_importlib.test_locks.Source_LifetimeTests.test_lock_lifetime" status="run" result="completed" time="0.016710" /><testcase name="test.test_importlib.test_locks.Source_ModuleLockAsRLockTests.test_acquire_contended" status="run" result="completed" time="0.104862" /><testcase name="test.test_importlib.test_locks.Source_ModuleLockAsRLockTests.test_acquire_destroy" status="run" result="completed" time="0.000025" /><testcase name="test.test_importlib.test_locks.Source_ModuleLockAsRLockTests.test_acquire_release" status="run" result="completed" time="0.000014" /><testcase name="test.test_importlib.test_locks.Source_ModuleLockAsRLockTests.test_constructor" status="run" result="completed" time="0.000008" /><testcase name="test.test_importlib.test_locks.Source_ModuleLockAsRLockTests.test_constructor_noargs" status="run" result="completed" time="0.000028" /><testcase name="test.test_importlib.test_locks.Source_ModuleLockAsRLockTests.test_different_thread" status="run" result="completed" time="0.035393" /><testcase name="test.test_importlib.test_locks.Source_ModuleLockAsRLockTests.test_locked" status="run" result="completed" time="0.000033" /><testcase name="test.test_importlib.test_locks.Source_ModuleLockAsRLockTests.test_locked_with_2threads" status="run" result="completed" time="0.035094" /><testcase name="test.test_importlib.test_locks.Source_ModuleLockAsRLockTests.test_reacquire" status="run" result="completed" time="0.000029" /><testcase name="test.test_importlib.test_locks.Source_ModuleLockAsRLockTests.test_release_unacquired" status="run" result="completed" time="0.000033" /><testcase name="test.test_importlib.test_locks.Source_ModuleLockAsRLockTests.test_thread_leak" status="run" result="completed" time="0.033190" /><testcase name="test.test_importlib.test_locks.Source_ModuleLockAsRLockTests.test_weakref_deleted" status="run" result="completed" time="0.004193" /><testcase name="test.test_importlib.test_locks.Source_ModuleLockAsRLockTests.test_weakref_exists" status="run" result="completed" time="0.000014" /><testcase name="test.test_importlib.test_namespace_pkgs.CombinedNamespacePackages.test_imports" status="run" result="completed" time="0.001405" /><testcase name="test.test_importlib.test_namespace_pkgs.DynamicPathCalculation.test_project3_fails" status="run" result="completed" time="0.000652" /><testcase name="test.test_importlib.test_namespace_pkgs.DynamicPathCalculation.test_project3_succeeds" status="run" result="completed" time="0.000633" /><testcase name="test.test_importlib.test_namespace_pkgs.DynamicPathNamespacePackage.test_dynamic_path" status="run" result="completed" time="0.000419" /><testcase name="test.test_importlib.test_namespace_pkgs.LegacySupport.test_non_namespace_package_takes_precedence" status="run" result="completed" time="0.000347" /><testcase name="test.test_importlib.test_namespace_pkgs.LoaderTests.test_loader_abc" status="run" result="completed" time="0.000100" /><testcase name="test.test_importlib.test_namespace_pkgs.LoaderTests.test_namespace_loader_consistency" status="run" result="completed" time="0.000074" /><testcase name="test.test_importlib.test_namespace_pkgs.LoaderTests.test_namespace_origin_consistency" status="run" result="completed" time="0.000070" /><testcase name="test.test_importlib.test_namespace_pkgs.LoaderTests.test_path_indexable" status="run" result="completed" time="0.000067" /><testcase name="test.test_importlib.test_namespace_pkgs.ModuleAndNamespacePackageInSameDir.test_module_before_namespace_package" status="run" result="completed" time="0.000172" /><testcase name="test.test_importlib.test_namespace_pkgs.NamespaceSubpackageSameName.test_namespace_subpackage_shares_name_with_directory" status="run" result="completed" time="0.000102" /><testcase name="test.test_importlib.test_namespace_pkgs.ReloadTests.test_cant_import_other" status="run" result="completed" time="0.000160" /><testcase name="test.test_importlib.test_namespace_pkgs.ReloadTests.test_dynamic_path" status="run" result="completed" time="0.000276" /><testcase name="test.test_importlib.test_namespace_pkgs.ReloadTests.test_simple_package" status="run" result="completed" time="0.000145" /><testcase name="test.test_importlib.test_namespace_pkgs.SeparatedNamespacePackages.test_imports" status="run" result="completed" time="0.000216" /><testcase name="test.test_importlib.test_namespace_pkgs.SeparatedNamespacePackagesCreatedWhileRunning.test_invalidate_caches" status="run" result="completed" time="0.001221" /><testcase name="test.test_importlib.test_namespace_pkgs.SeparatedNestedZipNamespacePackages.test_imports" status="run" result="completed" time="0.000520" /><testcase name="test.test_importlib.test_namespace_pkgs.SeparatedOverlappingNamespacePackages.test_first_path_wins" status="run" result="completed" time="0.000292" /><testcase name="test.test_importlib.test_namespace_pkgs.SeparatedOverlappingNamespacePackages.test_first_path_wins_again" status="run" result="completed" time="0.000210" /><testcase name="test.test_importlib.test_namespace_pkgs.SeparatedOverlappingNamespacePackages.test_first_path_wins_importing_second_first" status="run" result="completed" time="0.000221" /><testcase name="test.test_importlib.test_namespace_pkgs.SeparatedZipNamespacePackages.test_imports" status="run" result="completed" time="0.000432" /><testcase name="test.test_importlib.test_namespace_pkgs.SingleNamespacePackage.test_cant_import_other" status="run" result="completed" time="0.000101" /><testcase name="test.test_importlib.test_namespace_pkgs.SingleNamespacePackage.test_simple_package" status="run" result="completed" time="0.000118" /><testcase name="test.test_importlib.test_namespace_pkgs.SingleNamespacePackage.test_simple_repr" status="run" result="completed" time="0.000121" /><testcase name="test.test_importlib.test_namespace_pkgs.SingleNestedZipNamespacePackage.test_cant_import_other" status="run" result="completed" time="0.000063" /><testcase name="test.test_importlib.test_namespace_pkgs.SingleNestedZipNamespacePackage.test_simple_package" status="run" result="completed" time="0.000111" /><testcase name="test.test_importlib.test_namespace_pkgs.SingleZipNamespacePackage.test_cant_import_other" status="run" result="completed" time="0.000058" /><testcase name="test.test_importlib.test_namespace_pkgs.SingleZipNamespacePackage.test_simple_package" status="run" result="completed" time="0.000102" /><testcase name="test.test_importlib.test_namespace_pkgs.ZipWithMissingDirectory.test_missing_directory" status="run" result="completed" time="0.000186" /><testcase name="test.test_importlib.test_namespace_pkgs.ZipWithMissingDirectory.test_missing_directory2" status="run" result="completed" time="0.000037" /><testcase name="test.test_importlib.test_namespace_pkgs.ZipWithMissingDirectory.test_present_directory" status="run" result="completed" time="0.000107" /><testcase name="test.test_importlib.test_pkg_import.TestImport.test_package_import__semantics" status="run" result="completed" time="0.001644" /><testcase name="test.test_importlib.test_spec.Frozen_FactoryTests.test_spec_from_file_location_default" status="run" result="completed" time="0.000069" /><testcase name="test.test_importlib.test_spec.Frozen_FactoryTests.test_spec_from_file_location_default_bad_suffix" status="run" result="completed" time="0.000033" /><testcase name="test.test_importlib.test_spec.Frozen_FactoryTests.test_spec_from_file_location_default_without_location" status="run" result="completed" time="0.000021" /><testcase name="test.test_importlib.test_spec.Frozen_FactoryTests.test_spec_from_file_location_loader_no_location" status="run" result="completed" time="0.000029" /><testcase name="test.test_importlib.test_spec.Frozen_FactoryTests.test_spec_from_file_location_loader_no_location_bad_get_filename" status="run" result="completed" time="0.000037" /><testcase name="test.test_importlib.test_spec.Frozen_FactoryTests.test_spec_from_file_location_loader_no_location_no_get_filename" status="run" result="completed" time="0.000022" /><testcase name="test.test_importlib.test_spec.Frozen_FactoryTests.test_spec_from_file_location_path_like_arg" status="run" result="completed" time="0.000034" /><testcase name="test.test_importlib.test_spec.Frozen_FactoryTests.test_spec_from_file_location_relative_path" status="run" result="completed" time="0.000032" /><testcase name="test.test_importlib.test_spec.Frozen_FactoryTests.test_spec_from_file_location_smsl_default" status="run" result="completed" time="0.000033" /><testcase name="test.test_importlib.test_spec.Frozen_FactoryTests.test_spec_from_file_location_smsl_default_bad_is_package" status="run" result="completed" time="0.000032" /><testcase name="test.test_importlib.test_spec.Frozen_FactoryTests.test_spec_from_file_location_smsl_default_no_is_package" status="run" result="completed" time="0.000022" /><testcase name="test.test_importlib.test_spec.Frozen_FactoryTests.test_spec_from_file_location_smsl_default_not_package" status="run" result="completed" time="0.000028" /><testcase name="test.test_importlib.test_spec.Frozen_FactoryTests.test_spec_from_file_location_smsl_empty" status="run" result="completed" time="0.000031" /><testcase name="test.test_importlib.test_spec.Frozen_FactoryTests.test_spec_from_file_location_smsl_none" status="run" result="completed" time="0.000022" /><testcase name="test.test_importlib.test_spec.Frozen_FactoryTests.test_spec_from_file_location_smsl_not_empty" status="run" result="completed" time="0.000022" /><testcase name="test.test_importlib.test_spec.Frozen_FactoryTests.test_spec_from_loader_default" status="run" result="completed" time="0.000023" /><testcase name="test.test_importlib.test_spec.Frozen_FactoryTests.test_spec_from_loader_default_with_bad_is_package" status="run" result="completed" time="0.000028" /><testcase name="test.test_importlib.test_spec.Frozen_FactoryTests.test_spec_from_loader_default_with_file_loader" status="run" result="completed" time="0.000024" /><testcase name="test.test_importlib.test_spec.Frozen_FactoryTests.test_spec_from_loader_is_package_false" status="run" result="completed" time="0.000019" /><testcase name="test.test_importlib.test_spec.Frozen_FactoryTests.test_spec_from_loader_is_package_false_with_fileloader" status="run" result="completed" time="0.000023" /><testcase name="test.test_importlib.test_spec.Frozen_FactoryTests.test_spec_from_loader_is_package_true" status="run" result="completed" time="0.000022" /><testcase name="test.test_importlib.test_spec.Frozen_FactoryTests.test_spec_from_loader_is_package_true_with_fileloader" status="run" result="completed" time="0.000031" /><testcase name="test.test_importlib.test_spec.Frozen_FactoryTests.test_spec_from_loader_is_package_with_loader_false" status="run" result="completed" time="0.000020" /><testcase name="test.test_importlib.test_spec.Frozen_FactoryTests.test_spec_from_loader_is_package_with_loader_true" status="run" result="completed" time="0.000024" /><testcase name="test.test_importlib.test_spec.Frozen_FactoryTests.test_spec_from_loader_origin" status="run" result="completed" time="0.000018" /><testcase name="test.test_importlib.test_spec.Frozen_FactoryTests.test_spec_from_loader_origin_and_is_package" status="run" result="completed" time="0.000018" /><testcase name="test.test_importlib.test_spec.Frozen_ModuleSpecMethodsTests.test_exec" status="run" result="completed" time="0.000028" /><testcase name="test.test_importlib.test_spec.Frozen_ModuleSpecMethodsTests.test_load" status="run" result="completed" time="0.000034" /><testcase name="test.test_importlib.test_spec.Frozen_ModuleSpecMethodsTests.test_load_failed" status="run" result="completed" time="0.000043" /><testcase name="test.test_importlib.test_spec.Frozen_ModuleSpecMethodsTests.test_load_failed_removed" status="run" result="completed" time="0.000036" /><testcase name="test.test_importlib.test_spec.Frozen_ModuleSpecMethodsTests.test_load_legacy_attributes_immutable" status="run" result="completed" time="0.000049" /><testcase name="test.test_importlib.test_spec.Frozen_ModuleSpecMethodsTests.test_load_replaced" status="run" result="completed" time="0.000031" /><testcase name="test.test_importlib.test_spec.Frozen_ModuleSpecMethodsTests.test_reload" status="run" result="completed" time="0.000028" /><testcase name="test.test_importlib.test_spec.Frozen_ModuleSpecMethodsTests.test_reload_extra_attributes" status="run" result="completed" time="0.000026" /><testcase name="test.test_importlib.test_spec.Frozen_ModuleSpecMethodsTests.test_reload_init_module_attrs" status="run" result="completed" time="0.000029" /><testcase name="test.test_importlib.test_spec.Frozen_ModuleSpecMethodsTests.test_reload_modified" status="run" result="completed" time="0.000026" /><testcase name="test.test_importlib.test_spec.Frozen_ModuleSpecTests.test_cached_no_origin" status="run" result="completed" time="0.000012" /><testcase name="test.test_importlib.test_spec.Frozen_ModuleSpecTests.test_cached_set" status="run" result="completed" time="0.000011" /><testcase name="test.test_importlib.test_spec.Frozen_ModuleSpecTests.test_cached_source" status="run" result="completed" time="0.000011" /><testcase name="test.test_importlib.test_spec.Frozen_ModuleSpecTests.test_cached_source_missing_cache_tag" status="run" result="completed" time="0.000014" /><testcase name="test.test_importlib.test_spec.Frozen_ModuleSpecTests.test_cached_source_unknown_suffix" status="run" result="completed" time="0.000009" /><testcase name="test.test_importlib.test_spec.Frozen_ModuleSpecTests.test_cached_sourceless" status="run" result="completed" time="0.000008" /><testcase name="test.test_importlib.test_spec.Frozen_ModuleSpecTests.test_cached_with_origin_not_location" status="run" result="completed" time="0.000008" /><testcase name="test.test_importlib.test_spec.Frozen_ModuleSpecTests.test_default" status="run" result="completed" time="0.000010" /><testcase name="test.test_importlib.test_spec.Frozen_ModuleSpecTests.test_default_is_package_false" status="run" result="completed" time="0.000009" /><testcase name="test.test_importlib.test_spec.Frozen_ModuleSpecTests.test_default_is_package_true" status="run" result="completed" time="0.000010" /><testcase name="test.test_importlib.test_spec.Frozen_ModuleSpecTests.test_default_no_loader" status="run" result="completed" time="0.000009" /><testcase name="test.test_importlib.test_spec.Frozen_ModuleSpecTests.test_equality" status="run" result="completed" time="0.000011" /><testcase name="test.test_importlib.test_spec.Frozen_ModuleSpecTests.test_equality_location" status="run" result="completed" time="0.000010" /><testcase name="test.test_importlib.test_spec.Frozen_ModuleSpecTests.test_has_location_setter" status="run" result="completed" time="0.000009" /><testcase name="test.test_importlib.test_spec.Frozen_ModuleSpecTests.test_inequality" status="run" result="completed" time="0.000008" /><testcase name="test.test_importlib.test_spec.Frozen_ModuleSpecTests.test_inequality_incomplete" status="run" result="completed" time="0.000009" /><testcase name="test.test_importlib.test_spec.Frozen_ModuleSpecTests.test_package" status="run" result="completed" time="0.000008" /><testcase name="test.test_importlib.test_spec.Frozen_ModuleSpecTests.test_package_is_package" status="run" result="completed" time="0.000008" /><testcase name="test.test_importlib.test_spec.Source_FactoryTests.test_spec_from_file_location_default" status="run" result="completed" time="0.000057" /><testcase name="test.test_importlib.test_spec.Source_FactoryTests.test_spec_from_file_location_default_bad_suffix" status="run" result="completed" time="0.000031" /><testcase name="test.test_importlib.test_spec.Source_FactoryTests.test_spec_from_file_location_default_without_location" status="run" result="completed" time="0.000020" /><testcase name="test.test_importlib.test_spec.Source_FactoryTests.test_spec_from_file_location_loader_no_location" status="run" result="completed" time="0.000024" /><testcase name="test.test_importlib.test_spec.Source_FactoryTests.test_spec_from_file_location_loader_no_location_bad_get_filename" status="run" result="completed" time="0.000031" /><testcase name="test.test_importlib.test_spec.Source_FactoryTests.test_spec_from_file_location_loader_no_location_no_get_filename" status="run" result="completed" time="0.000023" /><testcase name="test.test_importlib.test_spec.Source_FactoryTests.test_spec_from_file_location_path_like_arg" status="run" result="completed" time="0.000030" /><testcase name="test.test_importlib.test_spec.Source_FactoryTests.test_spec_from_file_location_relative_path" status="run" result="completed" time="0.000033" /><testcase name="test.test_importlib.test_spec.Source_FactoryTests.test_spec_from_file_location_smsl_default" status="run" result="completed" time="0.000032" /><testcase name="test.test_importlib.test_spec.Source_FactoryTests.test_spec_from_file_location_smsl_default_bad_is_package" status="run" result="completed" time="0.000028" /><testcase name="test.test_importlib.test_spec.Source_FactoryTests.test_spec_from_file_location_smsl_default_no_is_package" status="run" result="completed" time="0.000021" /><testcase name="test.test_importlib.test_spec.Source_FactoryTests.test_spec_from_file_location_smsl_default_not_package" status="run" result="completed" time="0.000026" /><testcase name="test.test_importlib.test_spec.Source_FactoryTests.test_spec_from_file_location_smsl_empty" status="run" result="completed" time="0.000030" /><testcase name="test.test_importlib.test_spec.Source_FactoryTests.test_spec_from_file_location_smsl_none" status="run" result="completed" time="0.000022" /><testcase name="test.test_importlib.test_spec.Source_FactoryTests.test_spec_from_file_location_smsl_not_empty" status="run" result="completed" time="0.000021" /><testcase name="test.test_importlib.test_spec.Source_FactoryTests.test_spec_from_loader_default" status="run" result="completed" time="0.000023" /><testcase name="test.test_importlib.test_spec.Source_FactoryTests.test_spec_from_loader_default_with_bad_is_package" status="run" result="completed" time="0.000028" /><testcase name="test.test_importlib.test_spec.Source_FactoryTests.test_spec_from_loader_default_with_file_loader" status="run" result="completed" time="0.000022" /><testcase name="test.test_importlib.test_spec.Source_FactoryTests.test_spec_from_loader_is_package_false" status="run" result="completed" time="0.000019" /><testcase name="test.test_importlib.test_spec.Source_FactoryTests.test_spec_from_loader_is_package_false_with_fileloader" status="run" result="completed" time="0.000024" /><testcase name="test.test_importlib.test_spec.Source_FactoryTests.test_spec_from_loader_is_package_true" status="run" result="completed" time="0.000022" /><testcase name="test.test_importlib.test_spec.Source_FactoryTests.test_spec_from_loader_is_package_true_with_fileloader" status="run" result="completed" time="0.000030" /><testcase name="test.test_importlib.test_spec.Source_FactoryTests.test_spec_from_loader_is_package_with_loader_false" status="run" result="completed" time="0.000023" /><testcase name="test.test_importlib.test_spec.Source_FactoryTests.test_spec_from_loader_is_package_with_loader_true" status="run" result="completed" time="0.000020" /><testcase name="test.test_importlib.test_spec.Source_FactoryTests.test_spec_from_loader_origin" status="run" result="completed" time="0.000019" /><testcase name="test.test_importlib.test_spec.Source_FactoryTests.test_spec_from_loader_origin_and_is_package" status="run" result="completed" time="0.000022" /><testcase name="test.test_importlib.test_spec.Source_ModuleSpecMethodsTests.test_exec" status="run" result="completed" time="0.000041" /><testcase name="test.test_importlib.test_spec.Source_ModuleSpecMethodsTests.test_load" status="run" result="completed" time="0.000036" /><testcase name="test.test_importlib.test_spec.Source_ModuleSpecMethodsTests.test_load_failed" status="run" result="completed" time="0.000039" /><testcase name="test.test_importlib.test_spec.Source_ModuleSpecMethodsTests.test_load_failed_removed" status="run" result="completed" time="0.000034" /><testcase name="test.test_importlib.test_spec.Source_ModuleSpecMethodsTests.test_load_legacy_attributes_immutable" status="run" result="completed" time="0.000041" /><testcase name="test.test_importlib.test_spec.Source_ModuleSpecMethodsTests.test_load_replaced" status="run" result="completed" time="0.000033" /><testcase name="test.test_importlib.test_spec.Source_ModuleSpecMethodsTests.test_reload" status="run" result="completed" time="0.000031" /><testcase name="test.test_importlib.test_spec.Source_ModuleSpecMethodsTests.test_reload_extra_attributes" status="run" result="completed" time="0.000029" /><testcase name="test.test_importlib.test_spec.Source_ModuleSpecMethodsTests.test_reload_init_module_attrs" status="run" result="completed" time="0.000031" /><testcase name="test.test_importlib.test_spec.Source_ModuleSpecMethodsTests.test_reload_modified" status="run" result="completed" time="0.000028" /><testcase name="test.test_importlib.test_spec.Source_ModuleSpecTests.test_cached_no_origin" status="run" result="completed" time="0.000012" /><testcase name="test.test_importlib.test_spec.Source_ModuleSpecTests.test_cached_set" status="run" result="completed" time="0.000010" /><testcase name="test.test_importlib.test_spec.Source_ModuleSpecTests.test_cached_source" status="run" result="completed" time="0.000019" /><testcase name="test.test_importlib.test_spec.Source_ModuleSpecTests.test_cached_source_missing_cache_tag" status="run" result="completed" time="0.000012" /><testcase name="test.test_importlib.test_spec.Source_ModuleSpecTests.test_cached_source_unknown_suffix" status="run" result="completed" time="0.000009" /><testcase name="test.test_importlib.test_spec.Source_ModuleSpecTests.test_cached_sourceless" status="run" result="completed" time="0.000009" /><testcase name="test.test_importlib.test_spec.Source_ModuleSpecTests.test_cached_with_origin_not_location" status="run" result="completed" time="0.000008" /><testcase name="test.test_importlib.test_spec.Source_ModuleSpecTests.test_default" status="run" result="completed" time="0.000010" /><testcase name="test.test_importlib.test_spec.Source_ModuleSpecTests.test_default_is_package_false" status="run" result="completed" time="0.000010" /><testcase name="test.test_importlib.test_spec.Source_ModuleSpecTests.test_default_is_package_true" status="run" result="completed" time="0.000011" /><testcase name="test.test_importlib.test_spec.Source_ModuleSpecTests.test_default_no_loader" status="run" result="completed" time="0.000009" /><testcase name="test.test_importlib.test_spec.Source_ModuleSpecTests.test_equality" status="run" result="completed" time="0.000010" /><testcase name="test.test_importlib.test_spec.Source_ModuleSpecTests.test_equality_location" status="run" result="completed" time="0.000012" /><testcase name="test.test_importlib.test_spec.Source_ModuleSpecTests.test_has_location_setter" status="run" result="completed" time="0.000009" /><testcase name="test.test_importlib.test_spec.Source_ModuleSpecTests.test_inequality" status="run" result="completed" time="0.000009" /><testcase name="test.test_importlib.test_spec.Source_ModuleSpecTests.test_inequality_incomplete" status="run" result="completed" time="0.000009" /><testcase name="test.test_importlib.test_spec.Source_ModuleSpecTests.test_package" status="run" result="completed" time="0.000009" /><testcase name="test.test_importlib.test_spec.Source_ModuleSpecTests.test_package_is_package" status="run" result="completed" time="0.000011" /><testcase name="test.test_importlib.test_threaded_import.ThreadedImportTests.test_circular_imports" status="run" result="completed" time="0.509769" /><testcase name="test.test_importlib.test_threaded_import.ThreadedImportTests.test_concurrent_futures_circular_import" status="run" result="completed" time="0.000056"><skipped>not enough memory: 1.8G minimum needed</skipped></testcase><testcase name="test.test_importlib.test_threaded_import.ThreadedImportTests.test_import_hangers" status="run" result="completed" time="0.001693" /><testcase name="test.test_importlib.test_threaded_import.ThreadedImportTests.test_multiprocessing_pool_circular_import" status="run" result="completed" time="0.000039"><skipped>not enough memory: 1.8G minimum needed</skipped></testcase><testcase name="test.test_importlib.test_threaded_import.ThreadedImportTests.test_parallel_meta_path" status="run" result="completed" time="0.000029"><skipped>not enough memory: 3.7G minimum needed</skipped></testcase><testcase name="test.test_importlib.test_threaded_import.ThreadedImportTests.test_parallel_module_init" status="run" result="completed" time="0.000024"><skipped>not enough memory: 3.7G minimum needed</skipped></testcase><testcase name="test.test_importlib.test_threaded_import.ThreadedImportTests.test_parallel_path_hooks" status="run" result="completed" time="0.000024"><skipped>not enough memory: 3.7G minimum needed</skipped></testcase><testcase name="test.test_importlib.test_threaded_import.ThreadedImportTests.test_side_effect_import" status="run" result="completed" time="0.035243" /><testcase name="test.test_importlib.test_util.Frozen_DecodeSourceBytesTests.test_specified_encoding" status="run" result="completed" time="0.000036" /><testcase name="test.test_importlib.test_util.Frozen_DecodeSourceBytesTests.test_universal_newlines" status="run" result="completed" time="0.000015" /><testcase name="test.test_importlib.test_util.Frozen_DecodeSourceBytesTests.test_ut8_default" status="run" result="completed" time="0.000011" /><testcase name="test.test_importlib.test_util.Frozen_FindSpecTests.test_find_relative_module" status="run" result="completed" time="0.001813" /><testcase name="test.test_importlib.test_util.Frozen_FindSpecTests.test_find_relative_module_missing_package" status="run" result="completed" time="0.000635" /><testcase name="test.test_importlib.test_util.Frozen_FindSpecTests.test_find_submodule" status="run" result="completed" time="0.001415" /><testcase name="test.test_importlib.test_util.Frozen_FindSpecTests.test_find_submodule_in_module" status="run" result="completed" time="0.000051" /><testcase name="test.test_importlib.test_util.Frozen_FindSpecTests.test_find_submodule_parent_already_imported" status="run" result="completed" time="0.001367" /><testcase name="test.test_importlib.test_util.Frozen_FindSpecTests.test_nothing" status="run" result="completed" time="0.000032" /><testcase name="test.test_importlib.test_util.Frozen_FindSpecTests.test_success" status="run" result="completed" time="0.000018" /><testcase name="test.test_importlib.test_util.Frozen_FindSpecTests.test_sys_modules" status="run" result="completed" time="0.000012" /><testcase name="test.test_importlib.test_util.Frozen_FindSpecTests.test_sys_modules_loader_is_None" status="run" result="completed" time="0.000010" /><testcase name="test.test_importlib.test_util.Frozen_FindSpecTests.test_sys_modules_spec_is_None" status="run" result="completed" time="0.000013" /><testcase name="test.test_importlib.test_util.Frozen_FindSpecTests.test_sys_modules_spec_is_not_set" status="run" result="completed" time="0.000012" /><testcase name="test.test_importlib.test_util.Frozen_FindSpecTests.test_sys_modules_without___loader__" status="run" result="completed" time="0.000009" /><testcase name="test.test_importlib.test_util.Frozen_MagicNumberTests.test_incorporates_rn" status="run" result="completed" time="0.000010" /><testcase name="test.test_importlib.test_util.Frozen_MagicNumberTests.test_length" status="run" result="completed" time="0.000008" /><testcase name="test.test_importlib.test_util.Frozen_ModuleFromSpecTests.test___cached__" status="run" result="completed" time="0.000014" /><testcase name="test.test_importlib.test_util.Frozen_ModuleFromSpecTests.test___file__" status="run" result="completed" time="0.000010" /><testcase name="test.test_importlib.test_util.Frozen_ModuleFromSpecTests.test___loader__" status="run" result="completed" time="0.000008" /><testcase name="test.test_importlib.test_util.Frozen_ModuleFromSpecTests.test___name__" status="run" result="completed" time="0.000008" /><testcase name="test.test_importlib.test_util.Frozen_ModuleFromSpecTests.test___package__" status="run" result="completed" time="0.000008" /><testcase name="test.test_importlib.test_util.Frozen_ModuleFromSpecTests.test___path__" status="run" result="completed" time="0.000009" /><testcase name="test.test_importlib.test_util.Frozen_ModuleFromSpecTests.test___spec__" status="run" result="completed" time="0.000014" /><testcase name="test.test_importlib.test_util.Frozen_ModuleFromSpecTests.test_create_module" status="run" result="completed" time="0.000047" /><testcase name="test.test_importlib.test_util.Frozen_ModuleFromSpecTests.test_create_module_returns_None" status="run" result="completed" time="0.000019" /><testcase name="test.test_importlib.test_util.Frozen_ModuleFromSpecTests.test_no_create_module" status="run" result="completed" time="0.000019" /><testcase name="test.test_importlib.test_util.Frozen_PEP3147Tests.test_cache_from_source" status="run" result="completed" time="0.000017" /><testcase name="test.test_importlib.test_util.Frozen_PEP3147Tests.test_cache_from_source_cwd" status="run" result="completed" time="0.000010" /><testcase name="test.test_importlib.test_util.Frozen_PEP3147Tests.test_cache_from_source_debug_override" status="run" result="completed" time="0.000042" /><testcase name="test.test_importlib.test_util.Frozen_PEP3147Tests.test_cache_from_source_debug_override_optimization_both_set" status="run" result="completed" time="0.000013" /><testcase name="test.test_importlib.test_util.Frozen_PEP3147Tests.test_cache_from_source_in_root_with_pycache_prefix" status="run" result="completed" time="0.000074" /><testcase name="test.test_importlib.test_util.Frozen_PEP3147Tests.test_cache_from_source_no_cache_tag" status="run" result="completed" time="0.000015" /><testcase name="test.test_importlib.test_util.Frozen_PEP3147Tests.test_cache_from_source_no_dot" status="run" result="completed" time="0.000011" /><testcase name="test.test_importlib.test_util.Frozen_PEP3147Tests.test_cache_from_source_optimization_None" status="run" result="completed" time="0.000009" /><testcase name="test.test_importlib.test_util.Frozen_PEP3147Tests.test_cache_from_source_optimization_empty_string" status="run" result="completed" time="0.000008" /><testcase name="test.test_importlib.test_util.Frozen_PEP3147Tests.test_cache_from_source_optimization_set" status="run" result="completed" time="0.000016" /><testcase name="test.test_importlib.test_util.Frozen_PEP3147Tests.test_cache_from_source_override" status="run" result="completed" time="0.000036" /><testcase name="test.test_importlib.test_util.Frozen_PEP3147Tests.test_cache_from_source_path_like_arg" status="run" result="completed" time="0.000023" /><testcase name="test.test_importlib.test_util.Frozen_PEP3147Tests.test_cache_from_source_respects_pycache_prefix" status="run" result="completed" time="0.000045" /><testcase name="test.test_importlib.test_util.Frozen_PEP3147Tests.test_cache_from_source_respects_pycache_prefix_relative" status="run" result="completed" time="0.000049" /><testcase name="test.test_importlib.test_util.Frozen_PEP3147Tests.test_sep_altsep_and_sep_cache_from_source" status="run" result="completed" time="0.000004"><skipped>test meaningful only where os.altsep is defined</skipped></testcase><testcase name="test.test_importlib.test_util.Frozen_PEP3147Tests.test_source_from_cache" status="run" result="completed" time="0.000014" /><testcase name="test.test_importlib.test_util.Frozen_PEP3147Tests.test_source_from_cache_bad_path" status="run" result="completed" time="0.000013" /><testcase name="test.test_importlib.test_util.Frozen_PEP3147Tests.test_source_from_cache_inside_pycache_prefix" status="run" result="completed" time="0.000013" /><testcase name="test.test_importlib.test_util.Frozen_PEP3147Tests.test_source_from_cache_missing_optimization" status="run" result="completed" time="0.000014" /><testcase name="test.test_importlib.test_util.Frozen_PEP3147Tests.test_source_from_cache_no__pycache__" status="run" result="completed" time="0.000010" /><testcase name="test.test_importlib.test_util.Frozen_PEP3147Tests.test_source_from_cache_no_cache_tag" status="run" result="completed" time="0.000011" /><testcase name="test.test_importlib.test_util.Frozen_PEP3147Tests.test_source_from_cache_no_slash" status="run" result="completed" time="0.000009" /><testcase name="test.test_importlib.test_util.Frozen_PEP3147Tests.test_source_from_cache_not_opt" status="run" result="completed" time="0.000011" /><testcase name="test.test_importlib.test_util.Frozen_PEP3147Tests.test_source_from_cache_optimized_bytecode" status="run" result="completed" time="0.000010" /><testcase name="test.test_importlib.test_util.Frozen_PEP3147Tests.test_source_from_cache_outside_pycache_prefix" status="run" result="completed" time="0.000012" /><testcase name="test.test_importlib.test_util.Frozen_PEP3147Tests.test_source_from_cache_path_like_arg" status="run" result="completed" time="0.000019" /><testcase name="test.test_importlib.test_util.Frozen_PEP3147Tests.test_source_from_cache_too_few_dots" status="run" result="completed" time="0.000010" /><testcase name="test.test_importlib.test_util.Frozen_PEP3147Tests.test_source_from_cache_too_many_dots" status="run" result="completed" time="0.000009" /><testcase name="test.test_importlib.test_util.Frozen_ResolveNameTests.test_absolute" status="run" result="completed" time="0.000009" /><testcase name="test.test_importlib.test_util.Frozen_ResolveNameTests.test_absolute_within_package" status="run" result="completed" time="0.000008" /><testcase name="test.test_importlib.test_util.Frozen_ResolveNameTests.test_escape" status="run" result="completed" time="0.000011" /><testcase name="test.test_importlib.test_util.Frozen_ResolveNameTests.test_in_package" status="run" result="completed" time="0.000007" /><testcase name="test.test_importlib.test_util.Frozen_ResolveNameTests.test_no_package" status="run" result="completed" time="0.000009" /><testcase name="test.test_importlib.test_util.Frozen_ResolveNameTests.test_other_package" status="run" result="completed" time="0.000007" /><testcase name="test.test_importlib.test_util.IncompatibleExtensionModuleRestrictionsTests.test_complete_multi_phase_init_module" status="run" result="completed" time="0.023607" /><testcase name="test.test_importlib.test_util.IncompatibleExtensionModuleRestrictionsTests.test_incomplete_multi_phase_init_module" status="run" result="completed" time="0.040619" /><testcase name="test.test_importlib.test_util.IncompatibleExtensionModuleRestrictionsTests.test_single_phase_init_module" status="run" result="completed" time="0.051546" /><testcase name="test.test_importlib.test_util.MagicNumberTests.test_magic_number" status="run" result="completed" time="0.000003"><skipped>only applies to candidate or final python release levels</skipped></testcase><testcase name="test.test_importlib.test_util.MiscTests.test_atomic_write_should_notice_incomplete_writes" status="run" result="completed" time="0.001826" /><testcase name="test.test_importlib.test_util.Source_DecodeSourceBytesTests.test_specified_encoding" status="run" result="completed" time="0.000030" /><testcase name="test.test_importlib.test_util.Source_DecodeSourceBytesTests.test_universal_newlines" status="run" result="completed" time="0.000016" /><testcase name="test.test_importlib.test_util.Source_DecodeSourceBytesTests.test_ut8_default" status="run" result="completed" time="0.000011" /><testcase name="test.test_importlib.test_util.Source_FindSpecTests.test_find_relative_module" status="run" result="completed" time="0.001532" /><testcase name="test.test_importlib.test_util.Source_FindSpecTests.test_find_relative_module_missing_package" status="run" result="completed" time="0.000613" /><testcase name="test.test_importlib.test_util.Source_FindSpecTests.test_find_submodule" status="run" result="completed" time="0.001303" /><testcase name="test.test_importlib.test_util.Source_FindSpecTests.test_find_submodule_in_module" status="run" result="completed" time="0.000044" /><testcase name="test.test_importlib.test_util.Source_FindSpecTests.test_find_submodule_parent_already_imported" status="run" result="completed" time="0.001307" /><testcase name="test.test_importlib.test_util.Source_FindSpecTests.test_nothing" status="run" result="completed" time="0.000030" /><testcase name="test.test_importlib.test_util.Source_FindSpecTests.test_success" status="run" result="completed" time="0.000018" /><testcase name="test.test_importlib.test_util.Source_FindSpecTests.test_sys_modules" status="run" result="completed" time="0.000016" /><testcase name="test.test_importlib.test_util.Source_FindSpecTests.test_sys_modules_loader_is_None" status="run" result="completed" time="0.000011" /><testcase name="test.test_importlib.test_util.Source_FindSpecTests.test_sys_modules_spec_is_None" status="run" result="completed" time="0.000013" /><testcase name="test.test_importlib.test_util.Source_FindSpecTests.test_sys_modules_spec_is_not_set" status="run" result="completed" time="0.000012" /><testcase name="test.test_importlib.test_util.Source_FindSpecTests.test_sys_modules_without___loader__" status="run" result="completed" time="0.000010" /><testcase name="test.test_importlib.test_util.Source_MagicNumberTests.test_incorporates_rn" status="run" result="completed" time="0.000010" /><testcase name="test.test_importlib.test_util.Source_MagicNumberTests.test_length" status="run" result="completed" time="0.000007" /><testcase name="test.test_importlib.test_util.Source_ModuleFromSpecTests.test___cached__" status="run" result="completed" time="0.000016" /><testcase name="test.test_importlib.test_util.Source_ModuleFromSpecTests.test___file__" status="run" result="completed" time="0.000013" /><testcase name="test.test_importlib.test_util.Source_ModuleFromSpecTests.test___loader__" status="run" result="completed" time="0.000008" /><testcase name="test.test_importlib.test_util.Source_ModuleFromSpecTests.test___name__" status="run" result="completed" time="0.000008" /><testcase name="test.test_importlib.test_util.Source_ModuleFromSpecTests.test___package__" status="run" result="completed" time="0.000009" /><testcase name="test.test_importlib.test_util.Source_ModuleFromSpecTests.test___path__" status="run" result="completed" time="0.000009" /><testcase name="test.test_importlib.test_util.Source_ModuleFromSpecTests.test___spec__" status="run" result="completed" time="0.000009" /><testcase name="test.test_importlib.test_util.Source_ModuleFromSpecTests.test_create_module" status="run" result="completed" time="0.000035" /><testcase name="test.test_importlib.test_util.Source_ModuleFromSpecTests.test_create_module_returns_None" status="run" result="completed" time="0.000017" /><testcase name="test.test_importlib.test_util.Source_ModuleFromSpecTests.test_no_create_module" status="run" result="completed" time="0.000019" /><testcase name="test.test_importlib.test_util.Source_PEP3147Tests.test_cache_from_source" status="run" result="completed" time="0.000020" /><testcase name="test.test_importlib.test_util.Source_PEP3147Tests.test_cache_from_source_cwd" status="run" result="completed" time="0.000012" /><testcase name="test.test_importlib.test_util.Source_PEP3147Tests.test_cache_from_source_debug_override" status="run" result="completed" time="0.000039" /><testcase name="test.test_importlib.test_util.Source_PEP3147Tests.test_cache_from_source_debug_override_optimization_both_set" status="run" result="completed" time="0.000013" /><testcase name="test.test_importlib.test_util.Source_PEP3147Tests.test_cache_from_source_in_root_with_pycache_prefix" status="run" result="completed" time="0.000066" /><testcase name="test.test_importlib.test_util.Source_PEP3147Tests.test_cache_from_source_no_cache_tag" status="run" result="completed" time="0.000012" /><testcase name="test.test_importlib.test_util.Source_PEP3147Tests.test_cache_from_source_no_dot" status="run" result="completed" time="0.000011" /><testcase name="test.test_importlib.test_util.Source_PEP3147Tests.test_cache_from_source_optimization_None" status="run" result="completed" time="0.000010" /><testcase name="test.test_importlib.test_util.Source_PEP3147Tests.test_cache_from_source_optimization_empty_string" status="run" result="completed" time="0.000008" /><testcase name="test.test_importlib.test_util.Source_PEP3147Tests.test_cache_from_source_optimization_set" status="run" result="completed" time="0.000016" /><testcase name="test.test_importlib.test_util.Source_PEP3147Tests.test_cache_from_source_override" status="run" result="completed" time="0.000030" /><testcase name="test.test_importlib.test_util.Source_PEP3147Tests.test_cache_from_source_path_like_arg" status="run" result="completed" time="0.000023" /><testcase name="test.test_importlib.test_util.Source_PEP3147Tests.test_cache_from_source_respects_pycache_prefix" status="run" result="completed" time="0.000042" /><testcase name="test.test_importlib.test_util.Source_PEP3147Tests.test_cache_from_source_respects_pycache_prefix_relative" status="run" result="completed" time="0.000046" /><testcase name="test.test_importlib.test_util.Source_PEP3147Tests.test_sep_altsep_and_sep_cache_from_source" status="run" result="completed" time="0.000003"><skipped>test meaningful only where os.altsep is defined</skipped></testcase><testcase name="test.test_importlib.test_util.Source_PEP3147Tests.test_source_from_cache" status="run" result="completed" time="0.000014" /><testcase name="test.test_importlib.test_util.Source_PEP3147Tests.test_source_from_cache_bad_path" status="run" result="completed" time="0.000014" /><testcase name="test.test_importlib.test_util.Source_PEP3147Tests.test_source_from_cache_inside_pycache_prefix" status="run" result="completed" time="0.000013" /><testcase name="test.test_importlib.test_util.Source_PEP3147Tests.test_source_from_cache_missing_optimization" status="run" result="completed" time="0.000013" /><testcase name="test.test_importlib.test_util.Source_PEP3147Tests.test_source_from_cache_no__pycache__" status="run" result="completed" time="0.000010" /><testcase name="test.test_importlib.test_util.Source_PEP3147Tests.test_source_from_cache_no_cache_tag" status="run" result="completed" time="0.000010" /><testcase name="test.test_importlib.test_util.Source_PEP3147Tests.test_source_from_cache_no_slash" status="run" result="completed" time="0.000009" /><testcase name="test.test_importlib.test_util.Source_PEP3147Tests.test_source_from_cache_not_opt" status="run" result="completed" time="0.000010" /><testcase name="test.test_importlib.test_util.Source_PEP3147Tests.test_source_from_cache_optimized_bytecode" status="run" result="completed" time="0.000011" /><testcase name="test.test_importlib.test_util.Source_PEP3147Tests.test_source_from_cache_outside_pycache_prefix" status="run" result="completed" time="0.000012" /><testcase name="test.test_importlib.test_util.Source_PEP3147Tests.test_source_from_cache_path_like_arg" status="run" result="completed" time="0.000017" /><testcase name="test.test_importlib.test_util.Source_PEP3147Tests.test_source_from_cache_too_few_dots" status="run" result="completed" time="0.000010" /><testcase name="test.test_importlib.test_util.Source_PEP3147Tests.test_source_from_cache_too_many_dots" status="run" result="completed" time="0.000009" /><testcase name="test.test_importlib.test_util.Source_ResolveNameTests.test_absolute" status="run" result="completed" time="0.000009" /><testcase name="test.test_importlib.test_util.Source_ResolveNameTests.test_absolute_within_package" status="run" result="completed" time="0.000007" /><testcase name="test.test_importlib.test_util.Source_ResolveNameTests.test_escape" status="run" result="completed" time="0.000011" /><testcase name="test.test_importlib.test_util.Source_ResolveNameTests.test_in_package" status="run" result="completed" time="0.000007" /><testcase name="test.test_importlib.test_util.Source_ResolveNameTests.test_no_package" status="run" result="completed" time="0.000008" /><testcase name="test.test_importlib.test_util.Source_ResolveNameTests.test_other_package" status="run" result="completed" time="0.000007" /><testcase name="unittest.loader.ModuleSkipped.test.test_importlib.test_windows" status="run" result="completed" time="0.000002"><skipped>No module named 'winreg'</skipped></testcase></testsuite></testsuites>